 DEPRECATED  `test.poolOptions` was removed in Vitest 4. All previous `poolOptions` are now top-level options. Please, refer to the migration guide: https://vitest.dev/guide/migration#pool-rework

 RUN  v4.1.5 /Users/romanbulyhin/mnostva/mnostva-art

stderr | components/CartDrawer.test.tsx > CartDrawer > calls removeFromCart when delete button clicked
Warning: An update to CartDrawer inside a test was not wrapped in act(...).

When testing, code that causes React state updates should be wrapped into act(...):

act(() => {
  /* fire events that update state */
});
/* assert on the output */

This ensures that you're testing the behavior the user would see in the browser. Learn more at https://reactjs.org/link/wrap-tests-with-act
    at CartDrawer (/Users/romanbulyhin/mnostva/mnostva-art/components/CartDrawer.tsx:6:23)
    at Router (/Users/romanbulyhin/mnostva/mnostva-art/node_modules/react-router/dist/development/chunk-WICQJKU6.js:9335:13)
    at MemoryRouter (/Users/romanbulyhin/mnostva/mnostva-art/node_modules/react-router/dist/development/chunk-WICQJKU6.js:9251:3)

 ✓ components/CartDrawer.test.tsx (4 tests) 115ms
 ❯ components/ProductCard.test.tsx (4 tests | 1 failed) 147ms
     ✓ renders product information 69ms
     × calls onOpen when clicking on image or title 45ms
     ✓ calls addToCart when "Add to Basket" is clicked 24ms
     ✓ shows "In Basket" when product is already in cart 6ms
 ✓ pages/LoginPage.test.tsx (5 tests) 218ms
stderr | components/Marketplace.test.tsx > Marketplace Component > renders title and products
The above error occurred in the <ProductModal> component:

    at ProductModal (/Users/romanbulyhin/mnostva/mnostva-art/components/ProductModal.tsx:53:25)
    at section
    at Marketplace (/Users/romanbulyhin/mnostva/mnostva-art/components/Marketplace.tsx:10:3)
    at Router (/Users/romanbulyhin/mnostva/mnostva-art/node_modules/react-router/dist/development/chunk-WICQJKU6.js:9335:13)
    at MemoryRouter (/Users/romanbulyhin/mnostva/mnostva-art/node_modules/react-router/dist/development/chunk-WICQJKU6.js:9251:3)

Consider adding an error boundary to your tree to customize error handling behavior.
Visit https://reactjs.org/link/error-boundaries to learn more about error boundaries.

stderr | components/Marketplace.test.tsx > Marketplace Component > calls onSelectProduct when a product is clicked
The above error occurred in the <ProductModal> component:

    at ProductModal (/Users/romanbulyhin/mnostva/mnostva-art/components/ProductModal.tsx:53:25)
    at section
    at Marketplace (/Users/romanbulyhin/mnostva/mnostva-art/components/Marketplace.tsx:10:3)
    at Router (/Users/romanbulyhin/mnostva/mnostva-art/node_modules/react-router/dist/development/chunk-WICQJKU6.js:9335:13)
    at MemoryRouter (/Users/romanbulyhin/mnostva/mnostva-art/node_modules/react-router/dist/development/chunk-WICQJKU6.js:9251:3)

Consider adding an error boundary to your tree to customize error handling behavior.
Visit https://reactjs.org/link/error-boundaries to learn more about error boundaries.

stderr | components/Marketplace.test.tsx > Marketplace Component > opens modal if onSelectProduct is not provided
The above error occurred in the <ProductModal> component:

    at ProductModal (/Users/romanbulyhin/mnostva/mnostva-art/components/ProductModal.tsx:53:25)
    at section
    at Marketplace (/Users/romanbulyhin/mnostva/mnostva-art/components/Marketplace.tsx:10:3)
    at Router (/Users/romanbulyhin/mnostva/mnostva-art/node_modules/react-router/dist/development/chunk-WICQJKU6.js:9335:13)
    at MemoryRouter (/Users/romanbulyhin/mnostva/mnostva-art/node_modules/react-router/dist/development/chunk-WICQJKU6.js:9251:3)

Consider adding an error boundary to your tree to customize error handling behavior.
Visit https://reactjs.org/link/error-boundaries to learn more about error boundaries.

 ❯ components/Marketplace.test.tsx (3 tests | 3 failed) 45ms
     × renders title and products 34ms
     × calls onSelectProduct when a product is clicked 5ms
     × opens modal if onSelectProduct is not provided 3ms
 ✓ pages/CheckoutPage.test.tsx (4 tests) 151ms
stderr | pages/AdminPage.test.tsx > AdminPage > opens the product edit form and shows new store fields
Warning: findDOMNode is deprecated and will be removed in the next major release. Instead, add a ref directly to the element you want to reference. Learn more about using refs safely here: https://reactjs.org/link/strict-mode-find-node
    at ReactQuill (/Users/romanbulyhin/mnostva/mnostva-art/node_modules/react-quill/lib/index.js:47:28)
    at div
    at div
    at form
    at div
    at div
    at default (/Users/romanbulyhin/mnostva/mnostva-art/pages/AdminPage.test.tsx:37:15)
    at div
    at AdminPage (/Users/romanbulyhin/mnostva/mnostva-art/pages/AdminPage.tsx:15:69)
    at Router (/Users/romanbulyhin/mnostva/mnostva-art/node_modules/react-router/dist/development/chunk-WICQJKU6.js:9335:13)
    at MemoryRouter (/Users/romanbulyhin/mnostva/mnostva-art/node_modules/react-router/dist/development/chunk-WICQJKU6.js:9251:3)

 ✓ pages/AdminPage.test.tsx (5 tests) 674ms
     ✓ opens the product edit form and shows new store fields  345ms
DOMException [AbortError]: The operation was aborted.
    at Fetch.onAsyncTaskManagerAbort (file:///Users/romanbulyhin/mnostva/mnostva-art/node_modules/happy-dom/lib/fetch/Fetch.js:546:23)
    at Object.<anonymous> (file:///Users/romanbulyhin/mnostva/mnostva-art/node_modules/happy-dom/lib/fetch/Fetch.js:416:101)
    at AsyncTaskManager.abortAll (file:///Users/romanbulyhin/mnostva/mnostva-art/node_modules/happy-dom/lib/async-task-manager/AsyncTaskManager.js:292:30)
    at AsyncTaskManager.destroy (file:///Users/romanbulyhin/mnostva/mnostva-art/node_modules/happy-dom/lib/async-task-manager/AsyncTaskManager.js:64:21)
    at file:///Users/romanbulyhin/mnostva/mnostva-art/node_modules/happy-dom/lib/browser/utilities/BrowserFrameFactory.js:43:22
    at new Promise (<anonymous>)
    at Function.destroyFrame (file:///Users/romanbulyhin/mnostva/mnostva-art/node_modules/happy-dom/lib/browser/utilities/BrowserFrameFactory.js:30:16)
    at HTMLIFrameElement.#unloadPage (file:///Users/romanbulyhin/mnostva/mnostva-art/node_modules/happy-dom/lib/nodes/html-iframe-element/HTMLIFrameElement.js:363:33)
    at HTMLIFrameElement.[disconnectedFromDocument] (file:///Users/romanbulyhin/mnostva/mnostva-art/node_modules/happy-dom/lib/nodes/html-iframe-element/HTMLIFrameElement.js:238:25)
    at HTMLIFrameElement.[connectedToNode] (file:///Users/romanbulyhin/mnostva/mnostva-art/node_modules/happy-dom/lib/nodes/node/Node.js:797:58)
DOMException [NetworkError]: Failed to execute "fetch()" on "Window" with URL "https://www.youtube.com/embed/dQw4w9WgXcQ?autoplay=1&mute=1": The operation was aborted.
    at Fetch.onError (file:///Users/romanbulyhin/mnostva/mnostva-art/node_modules/happy-dom/lib/fetch/Fetch.js:540:21)
    at ClientRequest.emit (node:events:517:28)
    at _destroy (node:_http_client:882:13)
    at onSocketNT (node:_http_client:902:5)
    at processTicksAndRejections (node:internal/process/task_queues:83:21)
 ✓ pages/ProductDetailPage.test.tsx (6 tests) 673ms
     ✓ handles keyboard navigation in lightbox  360ms
Error: connect ECONNREFUSED ::1:3001
    at TCPConnectWrap.afterConnect [as oncomplete] (node:net:1555:16) {
  errno: -61,
  code: 'ECONNREFUSED',
  syscall: 'connect',
  address: '::1',
  port: 3001
}
stderr | processTicksAndRejections (node:internal/process/task_queues:95:5)
AxiosError: Failed to execute "fetch()" on "Window" with URL "http://localhost:3001/api/reviews/product/1": connect ECONNREFUSED ::1:3001
    at handleError (file:///Users/romanbulyhin/mnostva/mnostva-art/node_modules/axios/lib/adapters/xhr.js:112:20)
    at XMLHttpRequest.#callDispatchEventListeners (file:///Users/romanbulyhin/mnostva/mnostva-art/node_modules/happy-dom/lib/event/EventTarget.js:295:25)
    at XMLHttpRequest.dispatchEvent (file:///Users/romanbulyhin/mnostva/mnostva-art/node_modules/happy-dom/lib/event/EventTarget.js:104:41)
    at XMLHttpRequest.#goThroughDispatchEventPhases (file:///Users/romanbulyhin/mnostva/mnostva-art/node_modules/happy-dom/lib/event/EventTarget.js:164:38)
    at XMLHttpRequest.dispatchEvent (file:///Users/romanbulyhin/mnostva/mnostva-art/node_modules/happy-dom/lib/event/EventTarget.js:100:47)
    at XMLHttpRequest.#dispatchEvent (file:///Users/romanbulyhin/mnostva/mnostva-art/node_modules/happy-dom/lib/xml-http-request/XMLHttpRequest.js:460:14)
    at onError (file:///Users/romanbulyhin/mnostva/mnostva-art/node_modules/happy-dom/lib/xml-http-request/XMLHttpRequest.js:326:36)
    at XMLHttpRequest.#sendAsync (file:///Users/romanbulyhin/mnostva/mnostva-art/node_modules/happy-dom/lib/xml-http-request/XMLHttpRequest.js:342:13)
    at processTicksAndRejections (node:internal/process/task_queues:95:5)
    at Axios.request (file:///Users/romanbulyhin/mnostva/mnostva-art/node_modules/axios/lib/core/Axios.js:46:41)
    at processTicksAndRejections (node:internal/process/task_queues:95:5)
    at Object.getByProduct (/Users/romanbulyhin/mnostva/mnostva-art/services/reviewsService.ts:18:26) {
  isAxiosError: true,
  code: 'ERR_NETWORK',
  config: {
    transitional: {
      silentJSONParsing: true,
      forcedJSONParsing: true,
      clarifyTimeoutError: false,
      legacyInterceptorReqResOrdering: true
    },
    adapter: [ 'xhr', 'http', 'fetch' ],
    transformRequest: [ [Function: transformRequest] ],
    transformResponse: [ [Function: transformResponse] ],
    timeout: 0,
    xsrfCookieName: 'XSRF-TOKEN',
    xsrfHeaderName: 'X-XSRF-TOKEN',
    maxContentLength: -1,
    maxBodyLength: -1,
    env: { FormData: [Function], Blob: [class Blob] },
    validateStatus: [Function: validateStatus],
    headers: Object [AxiosHeaders] {
      Accept: 'application/json, text/plain, */*',
      'Content-Type': undefined
    },
    method: 'get',
    url: 'http://localhost:3001/api/reviews/product/1',
    allowAbsoluteUrls: true,
    data: undefined
  },
  request: XMLHttpRequest [EventTarget] {
    upload: XMLHttpRequestUpload [EventTarget] {
      [Symbol(listeners)]: [Object],
      [Symbol(listenerOptions)]: [Object],
      [Symbol(propertyEventListeners)]: Map(0) {}
    },
    withCredentials: false,
    timeout: 0,
    [Symbol(listeners)]: { capturing: Map(0) {}, bubbling: Map(0) {} },
    [Symbol(listenerOptions)]: { capturing: Map(0) {}, bubbling: Map(0) {} },
    [Symbol(propertyEventListeners)]: Map(4) {
      'onloadend' => [Function: onloadend],
      'onabort' => [Function: handleAbort],
      'onerror' => [Function: handleError],
      'ontimeout' => [Function: handleTimeout]
    }
  },
  event: ErrorEvent {
    NONE: 0,
    CAPTURING_PHASE: 1,
    AT_TARGET: 2,
    BUBBLING_PHASE: 3,
    detail: 0,
    layerX: 0,
    layerY: 0,
    pageX: 0,
    pageY: 0,
    view: null,
    message: 'Failed to execute "fetch()" on "Window" with URL "http://localhost:3001/api/reviews/product/1": connect ECONNREFUSED ::1:3001',
    filename: '',
    lineno: 0,
    colno: 0,
    error: DOMException [NetworkError]: Failed to execute "fetch()" on "Window" with URL "http://localhost:3001/api/reviews/product/1": connect ECONNREFUSED ::1:3001
        at Fetch.onError (file:///Users/romanbulyhin/mnostva/mnostva-art/node_modules/happy-dom/lib/fetch/Fetch.js:540:21)
        at ClientRequest.emit (node:events:517:28)
        at Socket.socketErrorListener (node:_http_client:501:9)
        at Socket.emit (node:events:517:28)
        at emitErrorNT (node:internal/streams/destroy:151:8)
        at emitErrorCloseNT (node:internal/streams/destroy:116:3)
        at processTicksAndRejections (node:internal/process/task_queues:82:21),
    [Symbol(composed)]: false,
    [Symbol(bubbles)]: false,
    [Symbol(cancelable)]: false,
    [Symbol(defaultPrevented)]: false,
    [Symbol(eventPhase)]: 0,
    [Symbol(timeStamp)]: 2274.224708557129,
    [Symbol(type)]: 'error',
    [Symbol(dispatching)]: false,
    [Symbol(immediatePropagationStopped)]: false,
    [Symbol(propagationStopped)]: false,
    [Symbol(target)]: XMLHttpRequest [EventTarget] {
      upload: [XMLHttpRequestUpload [EventTarget]],
      withCredentials: false,
      timeout: 0,
      [Symbol(listeners)]: [Object],
      [Symbol(listenerOptions)]: [Object],
      [Symbol(propertyEventListeners)]: [Map]
    },
    [Symbol(currentTarget)]: null,
    [Symbol(isInPassiveEventListener)]: false
  }
}

Error: connect ECONNREFUSED ::1:3001
    at TCPConnectWrap.afterConnect [as oncomplete] (node:net:1555:16) {
  errno: -61,
  code: 'ECONNREFUSED',
  syscall: 'connect',
  address: '::1',
  port: 3001
}
stderr | processTicksAndRejections (node:internal/process/task_queues:95:5)
AxiosError: Failed to execute "fetch()" on "Window" with URL "http://localhost:3001/api/reviews/product/1/stats": connect ECONNREFUSED ::1:3001
    at handleError (file:///Users/romanbulyhin/mnostva/mnostva-art/node_modules/axios/lib/adapters/xhr.js:112:20)
    at XMLHttpRequest.#callDispatchEventListeners (file:///Users/romanbulyhin/mnostva/mnostva-art/node_modules/happy-dom/lib/event/EventTarget.js:295:25)
    at XMLHttpRequest.dispatchEvent (file:///Users/romanbulyhin/mnostva/mnostva-art/node_modules/happy-dom/lib/event/EventTarget.js:104:41)
    at XMLHttpRequest.#goThroughDispatchEventPhases (file:///Users/romanbulyhin/mnostva/mnostva-art/node_modules/happy-dom/lib/event/EventTarget.js:164:38)
    at XMLHttpRequest.dispatchEvent (file:///Users/romanbulyhin/mnostva/mnostva-art/node_modules/happy-dom/lib/event/EventTarget.js:100:47)
    at XMLHttpRequest.#dispatchEvent (file:///Users/romanbulyhin/mnostva/mnostva-art/node_modules/happy-dom/lib/xml-http-request/XMLHttpRequest.js:460:14)
    at onError (file:///Users/romanbulyhin/mnostva/mnostva-art/node_modules/happy-dom/lib/xml-http-request/XMLHttpRequest.js:326:36)
    at XMLHttpRequest.#sendAsync (file:///Users/romanbulyhin/mnostva/mnostva-art/node_modules/happy-dom/lib/xml-http-request/XMLHttpRequest.js:342:13)
    at processTicksAndRejections (node:internal/process/task_queues:95:5)
    at Axios.request (file:///Users/romanbulyhin/mnostva/mnostva-art/node_modules/axios/lib/core/Axios.js:46:41)
    at processTicksAndRejections (node:internal/process/task_queues:95:5)
    at Object.getStats (/Users/romanbulyhin/mnostva/mnostva-art/services/reviewsService.ts:23:26) {
  isAxiosError: true,
  code: 'ERR_NETWORK',
  config: {
    transitional: {
      silentJSONParsing: true,
      forcedJSONParsing: true,
      clarifyTimeoutError: false,
      legacyInterceptorReqResOrdering: true
    },
    adapter: [ 'xhr', 'http', 'fetch' ],
    transformRequest: [ [Function: transformRequest] ],
    transformResponse: [ [Function: transformResponse] ],
    timeout: 0,
    xsrfCookieName: 'XSRF-TOKEN',
    xsrfHeaderName: 'X-XSRF-TOKEN',
    maxContentLength: -1,
    maxBodyLength: -1,
    env: { FormData: [Function], Blob: [class Blob] },
    validateStatus: [Function: validateStatus],
    headers: Object [AxiosHeaders] {
      Accept: 'application/json, text/plain, */*',
      'Content-Type': undefined
    },
    method: 'get',
    url: 'http://localhost:3001/api/reviews/product/1/stats',
    allowAbsoluteUrls: true,
    data: undefined
  },
  request: XMLHttpRequest [EventTarget] {
    upload: XMLHttpRequestUpload [EventTarget] {
      [Symbol(listeners)]: [Object],
      [Symbol(listenerOptions)]: [Object],
      [Symbol(propertyEventListeners)]: Map(0) {}
    },
    withCredentials: false,
    timeout: 0,
    [Symbol(listeners)]: { capturing: Map(0) {}, bubbling: Map(0) {} },
    [Symbol(listenerOptions)]: { capturing: Map(0) {}, bubbling: Map(0) {} },
    [Symbol(propertyEventListeners)]: Map(4) {
      'onloadend' => [Function: onloadend],
      'onabort' => [Function: handleAbort],
      'onerror' => [Function: handleError],
      'ontimeout' => [Function: handleTimeout]
    }
  },
  event: ErrorEvent {
    NONE: 0,
    CAPTURING_PHASE: 1,
    AT_TARGET: 2,
    BUBBLING_PHASE: 3,
    detail: 0,
    layerX: 0,
    layerY: 0,
    pageX: 0,
    pageY: 0,
    view: null,
    message: 'Failed to execute "fetch()" on "Window" with URL "http://localhost:3001/api/reviews/product/1/stats": connect ECONNREFUSED ::1:3001',
    filename: '',
    lineno: 0,
    colno: 0,
    error: DOMException [NetworkError]: Failed to execute "fetch()" on "Window" with URL "http://localhost:3001/api/reviews/product/1/stats": connect ECONNREFUSED ::1:3001
        at Fetch.onError (file:///Users/romanbulyhin/mnostva/mnostva-art/node_modules/happy-dom/lib/fetch/Fetch.js:540:21)
        at ClientRequest.emit (node:events:517:28)
        at Socket.socketErrorListener (node:_http_client:501:9)
        at Socket.emit (node:events:517:28)
        at emitErrorNT (node:internal/streams/destroy:151:8)
        at emitErrorCloseNT (node:internal/streams/destroy:116:3)
        at processTicksAndRejections (node:internal/process/task_queues:82:21),
    [Symbol(composed)]: false,
    [Symbol(bubbles)]: false,
    [Symbol(cancelable)]: false,
    [Symbol(defaultPrevented)]: false,
    [Symbol(eventPhase)]: 0,
    [Symbol(timeStamp)]: 2279.742166519165,
    [Symbol(type)]: 'error',
    [Symbol(dispatching)]: false,
    [Symbol(immediatePropagationStopped)]: false,
    [Symbol(propagationStopped)]: false,
    [Symbol(target)]: XMLHttpRequest [EventTarget] {
      upload: [XMLHttpRequestUpload [EventTarget]],
      withCredentials: false,
      timeout: 0,
      [Symbol(listeners)]: [Object],
      [Symbol(listenerOptions)]: [Object],
      [Symbol(propertyEventListeners)]: [Map]
    },
    [Symbol(currentTarget)]: null,
    [Symbol(isInPassiveEventListener)]: false
  }
}

Error: connect ECONNREFUSED ::1:3001
    at TCPConnectWrap.afterConnect [as oncomplete] (node:net:1555:16) {
  errno: -61,
  code: 'ECONNREFUSED',
  syscall: 'connect',
  address: '::1',
  port: 3001
}
 ✓ pages/ProfilePage.test.tsx (5 tests) 667ms
     ✓ switches to Settings tab and allows updating name  419ms
stderr | processTicksAndRejections (node:internal/process/task_queues:95:5)
AxiosError: Failed to execute "fetch()" on "Window" with URL "http://localhost:3001/api/wishlist/1/check": connect ECONNREFUSED ::1:3001
    at handleError (file:///Users/romanbulyhin/mnostva/mnostva-art/node_modules/axios/lib/adapters/xhr.js:112:20)
    at XMLHttpRequest.#callDispatchEventListeners (file:///Users/romanbulyhin/mnostva/mnostva-art/node_modules/happy-dom/lib/event/EventTarget.js:295:25)
    at XMLHttpRequest.dispatchEvent (file:///Users/romanbulyhin/mnostva/mnostva-art/node_modules/happy-dom/lib/event/EventTarget.js:104:41)
    at XMLHttpRequest.#goThroughDispatchEventPhases (file:///Users/romanbulyhin/mnostva/mnostva-art/node_modules/happy-dom/lib/event/EventTarget.js:164:38)
    at XMLHttpRequest.dispatchEvent (file:///Users/romanbulyhin/mnostva/mnostva-art/node_modules/happy-dom/lib/event/EventTarget.js:100:47)
    at XMLHttpRequest.#dispatchEvent (file:///Users/romanbulyhin/mnostva/mnostva-art/node_modules/happy-dom/lib/xml-http-request/XMLHttpRequest.js:460:14)
    at onError (file:///Users/romanbulyhin/mnostva/mnostva-art/node_modules/happy-dom/lib/xml-http-request/XMLHttpRequest.js:326:36)
    at XMLHttpRequest.#sendAsync (file:///Users/romanbulyhin/mnostva/mnostva-art/node_modules/happy-dom/lib/xml-http-request/XMLHttpRequest.js:342:13)
    at processTicksAndRejections (node:internal/process/task_queues:95:5)
    at Axios.request (file:///Users/romanbulyhin/mnostva/mnostva-art/node_modules/axios/lib/core/Axios.js:46:41)
    at processTicksAndRejections (node:internal/process/task_queues:95:5)
    at Object.checkStatus (/Users/romanbulyhin/mnostva/mnostva-art/services/wishlistService.ts:21:26) {
  isAxiosError: true,
  code: 'ERR_NETWORK',
  config: {
    transitional: {
      silentJSONParsing: true,
      forcedJSONParsing: true,
      clarifyTimeoutError: false,
      legacyInterceptorReqResOrdering: true
    },
    adapter: [ 'xhr', 'http', 'fetch' ],
    transformRequest: [ [Function: transformRequest] ],
    transformResponse: [ [Function: transformResponse] ],
    timeout: 0,
    xsrfCookieName: 'XSRF-TOKEN',
    xsrfHeaderName: 'X-XSRF-TOKEN',
    maxContentLength: -1,
    maxBodyLength: -1,
    env: { FormData: [Function], Blob: [class Blob] },
    validateStatus: [Function: validateStatus],
    headers: Object [AxiosHeaders] {
      Accept: 'application/json, text/plain, */*',
      'Content-Type': undefined,
      Authorization: 'Bearer '
    },
    method: 'get',
    url: 'http://localhost:3001/api/wishlist/1/check',
    allowAbsoluteUrls: true,
    data: undefined
  },
  request: XMLHttpRequest [EventTarget] {
    upload: XMLHttpRequestUpload [EventTarget] {
      [Symbol(listeners)]: [Object],
      [Symbol(listenerOptions)]: [Object],
      [Symbol(propertyEventListeners)]: Map(0) {}
    },
    withCredentials: false,
    timeout: 0,
    [Symbol(listeners)]: { capturing: Map(0) {}, bubbling: Map(0) {} },
    [Symbol(listenerOptions)]: { capturing: Map(0) {}, bubbling: Map(0) {} },
    [Symbol(propertyEventListeners)]: Map(4) {
      'onloadend' => [Function: onloadend],
      'onabort' => [Function: handleAbort],
      'onerror' => [Function: handleError],
      'ontimeout' => [Function: handleTimeout]
    }
  },
  event: ErrorEvent {
    NONE: 0,
    CAPTURING_PHASE: 1,
    AT_TARGET: 2,
    BUBBLING_PHASE: 3,
    detail: 0,
    layerX: 0,
    layerY: 0,
    pageX: 0,
    pageY: 0,
    view: null,
    message: 'Failed to execute "fetch()" on "Window" with URL "http://localhost:3001/api/wishlist/1/check": connect ECONNREFUSED ::1:3001',
    filename: '',
    lineno: 0,
    colno: 0,
    error: DOMException [NetworkError]: Failed to execute "fetch()" on "Window" with URL "http://localhost:3001/api/wishlist/1/check": connect ECONNREFUSED ::1:3001
        at Fetch.onError (file:///Users/romanbulyhin/mnostva/mnostva-art/node_modules/happy-dom/lib/fetch/Fetch.js:540:21)
        at ClientRequest.emit (node:events:517:28)
        at Socket.socketErrorListener (node:_http_client:501:9)
        at Socket.emit (node:events:517:28)
        at emitErrorNT (node:internal/streams/destroy:151:8)
        at emitErrorCloseNT (node:internal/streams/destroy:116:3)
        at processTicksAndRejections (node:internal/process/task_queues:82:21),
    [Symbol(composed)]: false,
    [Symbol(bubbles)]: false,
    [Symbol(cancelable)]: false,
    [Symbol(defaultPrevented)]: false,
    [Symbol(eventPhase)]: 0,
    [Symbol(timeStamp)]: 2282.0460414886475,
    [Symbol(type)]: 'error',
    [Symbol(dispatching)]: false,
    [Symbol(immediatePropagationStopped)]: false,
    [Symbol(propagationStopped)]: false,
    [Symbol(target)]: XMLHttpRequest [EventTarget] {
      upload: [XMLHttpRequestUpload [EventTarget]],
      withCredentials: false,
      timeout: 0,
      [Symbol(listeners)]: [Object],
      [Symbol(listenerOptions)]: [Object],
      [Symbol(propertyEventListeners)]: [Map]
    },
    [Symbol(currentTarget)]: null,
    [Symbol(isInPassiveEventListener)]: false
  }
}

Error: connect ECONNREFUSED ::1:3001
    at TCPConnectWrap.afterConnect [as oncomplete] (node:net:1555:16) {
  errno: -61,
  code: 'ECONNREFUSED',
  syscall: 'connect',
  address: '::1',
  port: 3001
}
stderr | processTicksAndRejections (node:internal/process/task_queues:95:5)
AxiosError: Failed to execute "fetch()" on "Window" with URL "http://localhost:3001/api/reviews/product/1/stats": connect ECONNREFUSED ::1:3001
    at handleError (file:///Users/romanbulyhin/mnostva/mnostva-art/node_modules/axios/lib/adapters/xhr.js:112:20)
    at XMLHttpRequest.#callDispatchEventListeners (file:///Users/romanbulyhin/mnostva/mnostva-art/node_modules/happy-dom/lib/event/EventTarget.js:295:25)
    at XMLHttpRequest.dispatchEvent (file:///Users/romanbulyhin/mnostva/mnostva-art/node_modules/happy-dom/lib/event/EventTarget.js:104:41)
    at XMLHttpRequest.#goThroughDispatchEventPhases (file:///Users/romanbulyhin/mnostva/mnostva-art/node_modules/happy-dom/lib/event/EventTarget.js:164:38)
    at XMLHttpRequest.dispatchEvent (file:///Users/romanbulyhin/mnostva/mnostva-art/node_modules/happy-dom/lib/event/EventTarget.js:100:47)
    at XMLHttpRequest.#dispatchEvent (file:///Users/romanbulyhin/mnostva/mnostva-art/node_modules/happy-dom/lib/xml-http-request/XMLHttpRequest.js:460:14)
    at onError (file:///Users/romanbulyhin/mnostva/mnostva-art/node_modules/happy-dom/lib/xml-http-request/XMLHttpRequest.js:326:36)
    at XMLHttpRequest.#sendAsync (file:///Users/romanbulyhin/mnostva/mnostva-art/node_modules/happy-dom/lib/xml-http-request/XMLHttpRequest.js:342:13)
    at processTicksAndRejections (node:internal/process/task_queues:95:5)
    at Axios.request (file:///Users/romanbulyhin/mnostva/mnostva-art/node_modules/axios/lib/core/Axios.js:46:41)
    at processTicksAndRejections (node:internal/process/task_queues:95:5)
    at Object.getStats (/Users/romanbulyhin/mnostva/mnostva-art/services/reviewsService.ts:23:26) {
  isAxiosError: true,
  code: 'ERR_NETWORK',
  config: {
    transitional: {
      silentJSONParsing: true,
      forcedJSONParsing: true,
      clarifyTimeoutError: false,
      legacyInterceptorReqResOrdering: true
    },
    adapter: [ 'xhr', 'http', 'fetch' ],
    transformRequest: [ [Function: transformRequest] ],
    transformResponse: [ [Function: transformResponse] ],
    timeout: 0,
    xsrfCookieName: 'XSRF-TOKEN',
    xsrfHeaderName: 'X-XSRF-TOKEN',
    maxContentLength: -1,
    maxBodyLength: -1,
    env: { FormData: [Function], Blob: [class Blob] },
    validateStatus: [Function: validateStatus],
    headers: Object [AxiosHeaders] {
      Accept: 'application/json, text/plain, */*',
      'Content-Type': undefined
    },
    method: 'get',
    url: 'http://localhost:3001/api/reviews/product/1/stats',
    allowAbsoluteUrls: true,
    data: undefined
  },
  request: XMLHttpRequest [EventTarget] {
    upload: XMLHttpRequestUpload [EventTarget] {
      [Symbol(listeners)]: [Object],
      [Symbol(listenerOptions)]: [Object],
      [Symbol(propertyEventListeners)]: Map(0) {}
    },
    withCredentials: false,
    timeout: 0,
    [Symbol(listeners)]: { capturing: Map(0) {}, bubbling: Map(0) {} },
    [Symbol(listenerOptions)]: { capturing: Map(0) {}, bubbling: Map(0) {} },
    [Symbol(propertyEventListeners)]: Map(4) {
      'onloadend' => [Function: onloadend],
      'onabort' => [Function: handleAbort],
      'onerror' => [Function: handleError],
      'ontimeout' => [Function: handleTimeout]
    }
  },
  event: ErrorEvent {
    NONE: 0,
    CAPTURING_PHASE: 1,
    AT_TARGET: 2,
    BUBBLING_PHASE: 3,
    detail: 0,
    layerX: 0,
    layerY: 0,
    pageX: 0,
    pageY: 0,
    view: null,
    message: 'Failed to execute "fetch()" on "Window" with URL "http://localhost:3001/api/reviews/product/1/stats": connect ECONNREFUSED ::1:3001',
    filename: '',
    lineno: 0,
    colno: 0,
    error: DOMException [NetworkError]: Failed to execute "fetch()" on "Window" with URL "http://localhost:3001/api/reviews/product/1/stats": connect ECONNREFUSED ::1:3001
        at Fetch.onError (file:///Users/romanbulyhin/mnostva/mnostva-art/node_modules/happy-dom/lib/fetch/Fetch.js:540:21)
        at ClientRequest.emit (node:events:517:28)
        at Socket.socketErrorListener (node:_http_client:501:9)
        at Socket.emit (node:events:517:28)
        at emitErrorNT (node:internal/streams/destroy:151:8)
        at emitErrorCloseNT (node:internal/streams/destroy:116:3)
        at processTicksAndRejections (node:internal/process/task_queues:82:21),
    [Symbol(composed)]: false,
    [Symbol(bubbles)]: false,
    [Symbol(cancelable)]: false,
    [Symbol(defaultPrevented)]: false,
    [Symbol(eventPhase)]: 0,
    [Symbol(timeStamp)]: 2283.146041870117,
    [Symbol(type)]: 'error',
    [Symbol(dispatching)]: false,
    [Symbol(immediatePropagationStopped)]: false,
    [Symbol(propagationStopped)]: false,
    [Symbol(target)]: XMLHttpRequest [EventTarget] {
      upload: [XMLHttpRequestUpload [EventTarget]],
      withCredentials: false,
      timeout: 0,
      [Symbol(listeners)]: [Object],
      [Symbol(listenerOptions)]: [Object],
      [Symbol(propertyEventListeners)]: [Map]
    },
    [Symbol(currentTarget)]: null,
    [Symbol(isInPassiveEventListener)]: false
  }
}

Error: connect ECONNREFUSED ::1:3001
    at TCPConnectWrap.afterConnect [as oncomplete] (node:net:1555:16) {
  errno: -61,
  code: 'ECONNREFUSED',
  syscall: 'connect',
  address: '::1',
  port: 3001
}
stderr | processTicksAndRejections (node:internal/process/task_queues:95:5)
AxiosError: Failed to execute "fetch()" on "Window" with URL "http://localhost:3001/api/wishlist/1/check": connect ECONNREFUSED ::1:3001
    at handleError (file:///Users/romanbulyhin/mnostva/mnostva-art/node_modules/axios/lib/adapters/xhr.js:112:20)
    at XMLHttpRequest.#callDispatchEventListeners (file:///Users/romanbulyhin/mnostva/mnostva-art/node_modules/happy-dom/lib/event/EventTarget.js:295:25)
    at XMLHttpRequest.dispatchEvent (file:///Users/romanbulyhin/mnostva/mnostva-art/node_modules/happy-dom/lib/event/EventTarget.js:104:41)
    at XMLHttpRequest.#goThroughDispatchEventPhases (file:///Users/romanbulyhin/mnostva/mnostva-art/node_modules/happy-dom/lib/event/EventTarget.js:164:38)
    at XMLHttpRequest.dispatchEvent (file:///Users/romanbulyhin/mnostva/mnostva-art/node_modules/happy-dom/lib/event/EventTarget.js:100:47)
    at XMLHttpRequest.#dispatchEvent (file:///Users/romanbulyhin/mnostva/mnostva-art/node_modules/happy-dom/lib/xml-http-request/XMLHttpRequest.js:460:14)
    at onError (file:///Users/romanbulyhin/mnostva/mnostva-art/node_modules/happy-dom/lib/xml-http-request/XMLHttpRequest.js:326:36)
    at XMLHttpRequest.#sendAsync (file:///Users/romanbulyhin/mnostva/mnostva-art/node_modules/happy-dom/lib/xml-http-request/XMLHttpRequest.js:342:13)
    at processTicksAndRejections (node:internal/process/task_queues:95:5)
    at Axios.request (file:///Users/romanbulyhin/mnostva/mnostva-art/node_modules/axios/lib/core/Axios.js:46:41)
    at processTicksAndRejections (node:internal/process/task_queues:95:5)
    at Object.checkStatus (/Users/romanbulyhin/mnostva/mnostva-art/services/wishlistService.ts:21:26) {
  isAxiosError: true,
  code: 'ERR_NETWORK',
  config: {
    transitional: {
      silentJSONParsing: true,
      forcedJSONParsing: true,
      clarifyTimeoutError: false,
      legacyInterceptorReqResOrdering: true
    },
    adapter: [ 'xhr', 'http', 'fetch' ],
    transformRequest: [ [Function: transformRequest] ],
    transformResponse: [ [Function: transformResponse] ],
    timeout: 0,
    xsrfCookieName: 'XSRF-TOKEN',
    xsrfHeaderName: 'X-XSRF-TOKEN',
    maxContentLength: -1,
    maxBodyLength: -1,
    env: { FormData: [Function], Blob: [class Blob] },
    validateStatus: [Function: validateStatus],
    headers: Object [AxiosHeaders] {
      Accept: 'application/json, text/plain, */*',
      'Content-Type': undefined,
      Authorization: 'Bearer '
    },
    method: 'get',
    url: 'http://localhost:3001/api/wishlist/1/check',
    allowAbsoluteUrls: true,
    data: undefined
  },
  request: XMLHttpRequest [EventTarget] {
    upload: XMLHttpRequestUpload [EventTarget] {
      [Symbol(listeners)]: [Object],
      [Symbol(listenerOptions)]: [Object],
      [Symbol(propertyEventListeners)]: Map(0) {}
    },
    withCredentials: false,
    timeout: 0,
    [Symbol(listeners)]: { capturing: Map(0) {}, bubbling: Map(0) {} },
    [Symbol(listenerOptions)]: { capturing: Map(0) {}, bubbling: Map(0) {} },
    [Symbol(propertyEventListeners)]: Map(4) {
      'onloadend' => [Function: onloadend],
      'onabort' => [Function: handleAbort],
      'onerror' => [Function: handleError],
      'ontimeout' => [Function: handleTimeout]
    }
  },
  event: ErrorEvent {
    NONE: 0,
    CAPTURING_PHASE: 1,
    AT_TARGET: 2,
    BUBBLING_PHASE: 3,
    detail: 0,
    layerX: 0,
    layerY: 0,
    pageX: 0,
    pageY: 0,
    view: null,
    message: 'Failed to execute "fetch()" on "Window" with URL "http://localhost:3001/api/wishlist/1/check": connect ECONNREFUSED ::1:3001',
    filename: '',
    lineno: 0,
    colno: 0,
    error: DOMException [NetworkError]: Failed to execute "fetch()" on "Window" with URL "http://localhost:3001/api/wishlist/1/check": connect ECONNREFUSED ::1:3001
        at Fetch.onError (file:///Users/romanbulyhin/mnostva/mnostva-art/node_modules/happy-dom/lib/fetch/Fetch.js:540:21)
        at ClientRequest.emit (node:events:517:28)
        at Socket.socketErrorListener (node:_http_client:501:9)
        at Socket.emit (node:events:517:28)
        at emitErrorNT (node:internal/streams/destroy:151:8)
        at emitErrorCloseNT (node:internal/streams/destroy:116:3)
        at processTicksAndRejections (node:internal/process/task_queues:82:21),
    [Symbol(composed)]: false,
    [Symbol(bubbles)]: false,
    [Symbol(cancelable)]: false,
    [Symbol(defaultPrevented)]: false,
    [Symbol(eventPhase)]: 0,
    [Symbol(timeStamp)]: 2284.4930419921875,
    [Symbol(type)]: 'error',
    [Symbol(dispatching)]: false,
    [Symbol(immediatePropagationStopped)]: false,
    [Symbol(propagationStopped)]: false,
    [Symbol(target)]: XMLHttpRequest [EventTarget] {
      upload: [XMLHttpRequestUpload [EventTarget]],
      withCredentials: false,
      timeout: 0,
      [Symbol(listeners)]: [Object],
      [Symbol(listenerOptions)]: [Object],
      [Symbol(propertyEventListeners)]: [Map]
    },
    [Symbol(currentTarget)]: null,
    [Symbol(isInPassiveEventListener)]: false
  }
}

Error: connect ECONNREFUSED ::1:3001
    at TCPConnectWrap.afterConnect [as oncomplete] (node:net:1555:16) {
  errno: -61,
  code: 'ECONNREFUSED',
  syscall: 'connect',
  address: '::1',
  port: 3001
}
stderr | processTicksAndRejections (node:internal/process/task_queues:95:5)
AxiosError: Failed to execute "fetch()" on "Window" with URL "http://localhost:3001/api/reviews/product/1": connect ECONNREFUSED ::1:3001
    at handleError (file:///Users/romanbulyhin/mnostva/mnostva-art/node_modules/axios/lib/adapters/xhr.js:112:20)
    at XMLHttpRequest.#callDispatchEventListeners (file:///Users/romanbulyhin/mnostva/mnostva-art/node_modules/happy-dom/lib/event/EventTarget.js:295:25)
    at XMLHttpRequest.dispatchEvent (file:///Users/romanbulyhin/mnostva/mnostva-art/node_modules/happy-dom/lib/event/EventTarget.js:104:41)
    at XMLHttpRequest.#goThroughDispatchEventPhases (file:///Users/romanbulyhin/mnostva/mnostva-art/node_modules/happy-dom/lib/event/EventTarget.js:164:38)
    at XMLHttpRequest.dispatchEvent (file:///Users/romanbulyhin/mnostva/mnostva-art/node_modules/happy-dom/lib/event/EventTarget.js:100:47)
    at XMLHttpRequest.#dispatchEvent (file:///Users/romanbulyhin/mnostva/mnostva-art/node_modules/happy-dom/lib/xml-http-request/XMLHttpRequest.js:460:14)
    at onError (file:///Users/romanbulyhin/mnostva/mnostva-art/node_modules/happy-dom/lib/xml-http-request/XMLHttpRequest.js:326:36)
    at XMLHttpRequest.#sendAsync (file:///Users/romanbulyhin/mnostva/mnostva-art/node_modules/happy-dom/lib/xml-http-request/XMLHttpRequest.js:342:13)
    at processTicksAndRejections (node:internal/process/task_queues:95:5)
    at Axios.request (file:///Users/romanbulyhin/mnostva/mnostva-art/node_modules/axios/lib/core/Axios.js:46:41)
    at processTicksAndRejections (node:internal/process/task_queues:95:5)
    at Object.getByProduct (/Users/romanbulyhin/mnostva/mnostva-art/services/reviewsService.ts:18:26) {
  isAxiosError: true,
  code: 'ERR_NETWORK',
  config: {
    transitional: {
      silentJSONParsing: true,
      forcedJSONParsing: true,
      clarifyTimeoutError: false,
      legacyInterceptorReqResOrdering: true
    },
    adapter: [ 'xhr', 'http', 'fetch' ],
    transformRequest: [ [Function: transformRequest] ],
    transformResponse: [ [Function: transformResponse] ],
    timeout: 0,
    xsrfCookieName: 'XSRF-TOKEN',
    xsrfHeaderName: 'X-XSRF-TOKEN',
    maxContentLength: -1,
    maxBodyLength: -1,
    env: { FormData: [Function], Blob: [class Blob] },
    validateStatus: [Function: validateStatus],
    headers: Object [AxiosHeaders] {
      Accept: 'application/json, text/plain, */*',
      'Content-Type': undefined
    },
    method: 'get',
    url: 'http://localhost:3001/api/reviews/product/1',
    allowAbsoluteUrls: true,
    data: undefined
  },
  request: XMLHttpRequest [EventTarget] {
    upload: XMLHttpRequestUpload [EventTarget] {
      [Symbol(listeners)]: [Object],
      [Symbol(listenerOptions)]: [Object],
      [Symbol(propertyEventListeners)]: Map(0) {}
    },
    withCredentials: false,
    timeout: 0,
    [Symbol(listeners)]: { capturing: Map(0) {}, bubbling: Map(0) {} },
    [Symbol(listenerOptions)]: { capturing: Map(0) {}, bubbling: Map(0) {} },
    [Symbol(propertyEventListeners)]: Map(4) {
      'onloadend' => [Function: onloadend],
      'onabort' => [Function: handleAbort],
      'onerror' => [Function: handleError],
      'ontimeout' => [Function: handleTimeout]
    }
  },
  event: ErrorEvent {
    NONE: 0,
    CAPTURING_PHASE: 1,
    AT_TARGET: 2,
    BUBBLING_PHASE: 3,
    detail: 0,
    layerX: 0,
    layerY: 0,
    pageX: 0,
    pageY: 0,
    view: null,
    message: 'Failed to execute "fetch()" on "Window" with URL "http://localhost:3001/api/reviews/product/1": connect ECONNREFUSED ::1:3001',
    filename: '',
    lineno: 0,
    colno: 0,
    error: DOMException [NetworkError]: Failed to execute "fetch()" on "Window" with URL "http://localhost:3001/api/reviews/product/1": connect ECONNREFUSED ::1:3001
        at Fetch.onError (file:///Users/romanbulyhin/mnostva/mnostva-art/node_modules/happy-dom/lib/fetch/Fetch.js:540:21)
        at ClientRequest.emit (node:events:517:28)
        at Socket.socketErrorListener (node:_http_client:501:9)
        at Socket.emit (node:events:517:28)
        at emitErrorNT (node:internal/streams/destroy:151:8)
        at emitErrorCloseNT (node:internal/streams/destroy:116:3)
        at processTicksAndRejections (node:internal/process/task_queues:82:21),
    [Symbol(composed)]: false,
    [Symbol(bubbles)]: false,
    [Symbol(cancelable)]: false,
    [Symbol(defaultPrevented)]: false,
    [Symbol(eventPhase)]: 0,
    [Symbol(timeStamp)]: 2285.9633750915527,
    [Symbol(type)]: 'error',
    [Symbol(dispatching)]: false,
    [Symbol(immediatePropagationStopped)]: false,
    [Symbol(propagationStopped)]: false,
    [Symbol(target)]: XMLHttpRequest [EventTarget] {
      upload: [XMLHttpRequestUpload [EventTarget]],
      withCredentials: false,
      timeout: 0,
      [Symbol(listeners)]: [Object],
      [Symbol(listenerOptions)]: [Object],
      [Symbol(propertyEventListeners)]: [Map]
    },
    [Symbol(currentTarget)]: null,
    [Symbol(isInPassiveEventListener)]: false
  }
}

Error: connect ECONNREFUSED ::1:3001
    at TCPConnectWrap.afterConnect [as oncomplete] (node:net:1555:16) {
  errno: -61,
  code: 'ECONNREFUSED',
  syscall: 'connect',
  address: '::1',
  port: 3001
}
stderr | processTicksAndRejections (node:internal/process/task_queues:95:5)
AxiosError: Failed to execute "fetch()" on "Window" with URL "http://localhost:3001/api/reviews/product/1": connect ECONNREFUSED ::1:3001
    at handleError (file:///Users/romanbulyhin/mnostva/mnostva-art/node_modules/axios/lib/adapters/xhr.js:112:20)
    at XMLHttpRequest.#callDispatchEventListeners (file:///Users/romanbulyhin/mnostva/mnostva-art/node_modules/happy-dom/lib/event/EventTarget.js:295:25)
    at XMLHttpRequest.dispatchEvent (file:///Users/romanbulyhin/mnostva/mnostva-art/node_modules/happy-dom/lib/event/EventTarget.js:104:41)
    at XMLHttpRequest.#goThroughDispatchEventPhases (file:///Users/romanbulyhin/mnostva/mnostva-art/node_modules/happy-dom/lib/event/EventTarget.js:164:38)
    at XMLHttpRequest.dispatchEvent (file:///Users/romanbulyhin/mnostva/mnostva-art/node_modules/happy-dom/lib/event/EventTarget.js:100:47)
    at XMLHttpRequest.#dispatchEvent (file:///Users/romanbulyhin/mnostva/mnostva-art/node_modules/happy-dom/lib/xml-http-request/XMLHttpRequest.js:460:14)
    at onError (file:///Users/romanbulyhin/mnostva/mnostva-art/node_modules/happy-dom/lib/xml-http-request/XMLHttpRequest.js:326:36)
    at XMLHttpRequest.#sendAsync (file:///Users/romanbulyhin/mnostva/mnostva-art/node_modules/happy-dom/lib/xml-http-request/XMLHttpRequest.js:342:13)
    at processTicksAndRejections (node:internal/process/task_queues:95:5)
    at Axios.request (file:///Users/romanbulyhin/mnostva/mnostva-art/node_modules/axios/lib/core/Axios.js:46:41)
    at processTicksAndRejections (node:internal/process/task_queues:95:5)
    at Object.getByProduct (/Users/romanbulyhin/mnostva/mnostva-art/services/reviewsService.ts:18:26) {
  isAxiosError: true,
  code: 'ERR_NETWORK',
  config: {
    transitional: {
      silentJSONParsing: true,
      forcedJSONParsing: true,
      clarifyTimeoutError: false,
      legacyInterceptorReqResOrdering: true
    },
    adapter: [ 'xhr', 'http', 'fetch' ],
    transformRequest: [ [Function: transformRequest] ],
    transformResponse: [ [Function: transformResponse] ],
    timeout: 0,
    xsrfCookieName: 'XSRF-TOKEN',
    xsrfHeaderName: 'X-XSRF-TOKEN',
    maxContentLength: -1,
    maxBodyLength: -1,
    env: { FormData: [Function], Blob: [class Blob] },
    validateStatus: [Function: validateStatus],
    headers: Object [AxiosHeaders] {
      Accept: 'application/json, text/plain, */*',
      'Content-Type': undefined
    },
    method: 'get',
    url: 'http://localhost:3001/api/reviews/product/1',
    allowAbsoluteUrls: true,
    data: undefined
  },
  request: XMLHttpRequest [EventTarget] {
    upload: XMLHttpRequestUpload [EventTarget] {
      [Symbol(listeners)]: [Object],
      [Symbol(listenerOptions)]: [Object],
      [Symbol(propertyEventListeners)]: Map(0) {}
    },
    withCredentials: false,
    timeout: 0,
    [Symbol(listeners)]: { capturing: Map(0) {}, bubbling: Map(0) {} },
    [Symbol(listenerOptions)]: { capturing: Map(0) {}, bubbling: Map(0) {} },
    [Symbol(propertyEventListeners)]: Map(4) {
      'onloadend' => [Function: onloadend],
      'onabort' => [Function: handleAbort],
      'onerror' => [Function: handleError],
      'ontimeout' => [Function: handleTimeout]
    }
  },
  event: ErrorEvent {
    NONE: 0,
    CAPTURING_PHASE: 1,
    AT_TARGET: 2,
    BUBBLING_PHASE: 3,
    detail: 0,
    layerX: 0,
    layerY: 0,
    pageX: 0,
    pageY: 0,
    view: null,
    message: 'Failed to execute "fetch()" on "Window" with URL "http://localhost:3001/api/reviews/product/1": connect ECONNREFUSED ::1:3001',
    filename: '',
    lineno: 0,
    colno: 0,
    error: DOMException [NetworkError]: Failed to execute "fetch()" on "Window" with URL "http://localhost:3001/api/reviews/product/1": connect ECONNREFUSED ::1:3001
        at Fetch.onError (file:///Users/romanbulyhin/mnostva/mnostva-art/node_modules/happy-dom/lib/fetch/Fetch.js:540:21)
        at ClientRequest.emit (node:events:517:28)
        at Socket.socketErrorListener (node:_http_client:501:9)
        at Socket.emit (node:events:517:28)
        at emitErrorNT (node:internal/streams/destroy:151:8)
        at emitErrorCloseNT (node:internal/streams/destroy:116:3)
        at processTicksAndRejections (node:internal/process/task_queues:82:21),
    [Symbol(composed)]: false,
    [Symbol(bubbles)]: false,
    [Symbol(cancelable)]: false,
    [Symbol(defaultPrevented)]: false,
    [Symbol(eventPhase)]: 0,
    [Symbol(timeStamp)]: 2286.8491249084473,
    [Symbol(type)]: 'error',
    [Symbol(dispatching)]: false,
    [Symbol(immediatePropagationStopped)]: false,
    [Symbol(propagationStopped)]: false,
    [Symbol(target)]: XMLHttpRequest [EventTarget] {
      upload: [XMLHttpRequestUpload [EventTarget]],
      withCredentials: false,
      timeout: 0,
      [Symbol(listeners)]: [Object],
      [Symbol(listenerOptions)]: [Object],
      [Symbol(propertyEventListeners)]: [Map]
    },
    [Symbol(currentTarget)]: null,
    [Symbol(isInPassiveEventListener)]: false
  }
}

Error: connect ECONNREFUSED ::1:3001
    at TCPConnectWrap.afterConnect [as oncomplete] (node:net:1555:16) {
  errno: -61,
  code: 'ECONNREFUSED',
  syscall: 'connect',
  address: '::1',
  port: 3001
}
stderr | processTicksAndRejections (node:internal/process/task_queues:95:5)
AxiosError: Failed to execute "fetch()" on "Window" with URL "http://localhost:3001/api/wishlist/1/check": connect ECONNREFUSED ::1:3001
    at handleError (file:///Users/romanbulyhin/mnostva/mnostva-art/node_modules/axios/lib/adapters/xhr.js:112:20)
    at XMLHttpRequest.#callDispatchEventListeners (file:///Users/romanbulyhin/mnostva/mnostva-art/node_modules/happy-dom/lib/event/EventTarget.js:295:25)
    at XMLHttpRequest.dispatchEvent (file:///Users/romanbulyhin/mnostva/mnostva-art/node_modules/happy-dom/lib/event/EventTarget.js:104:41)
    at XMLHttpRequest.#goThroughDispatchEventPhases (file:///Users/romanbulyhin/mnostva/mnostva-art/node_modules/happy-dom/lib/event/EventTarget.js:164:38)
    at XMLHttpRequest.dispatchEvent (file:///Users/romanbulyhin/mnostva/mnostva-art/node_modules/happy-dom/lib/event/EventTarget.js:100:47)
    at XMLHttpRequest.#dispatchEvent (file:///Users/romanbulyhin/mnostva/mnostva-art/node_modules/happy-dom/lib/xml-http-request/XMLHttpRequest.js:460:14)
    at onError (file:///Users/romanbulyhin/mnostva/mnostva-art/node_modules/happy-dom/lib/xml-http-request/XMLHttpRequest.js:326:36)
    at XMLHttpRequest.#sendAsync (file:///Users/romanbulyhin/mnostva/mnostva-art/node_modules/happy-dom/lib/xml-http-request/XMLHttpRequest.js:342:13)
    at processTicksAndRejections (node:internal/process/task_queues:95:5)
    at Axios.request (file:///Users/romanbulyhin/mnostva/mnostva-art/node_modules/axios/lib/core/Axios.js:46:41)
    at processTicksAndRejections (node:internal/process/task_queues:95:5)
    at Object.checkStatus (/Users/romanbulyhin/mnostva/mnostva-art/services/wishlistService.ts:21:26) {
  isAxiosError: true,
  code: 'ERR_NETWORK',
  config: {
    transitional: {
      silentJSONParsing: true,
      forcedJSONParsing: true,
      clarifyTimeoutError: false,
      legacyInterceptorReqResOrdering: true
    },
    adapter: [ 'xhr', 'http', 'fetch' ],
    transformRequest: [ [Function: transformRequest] ],
    transformResponse: [ [Function: transformResponse] ],
    timeout: 0,
    xsrfCookieName: 'XSRF-TOKEN',
    xsrfHeaderName: 'X-XSRF-TOKEN',
    maxContentLength: -1,
    maxBodyLength: -1,
    env: { FormData: [Function], Blob: [class Blob] },
    validateStatus: [Function: validateStatus],
    headers: Object [AxiosHeaders] {
      Accept: 'application/json, text/plain, */*',
      'Content-Type': undefined,
      Authorization: 'Bearer '
    },
    method: 'get',
    url: 'http://localhost:3001/api/wishlist/1/check',
    allowAbsoluteUrls: true,
    data: undefined
  },
  request: XMLHttpRequest [EventTarget] {
    upload: XMLHttpRequestUpload [EventTarget] {
      [Symbol(listeners)]: [Object],
      [Symbol(listenerOptions)]: [Object],
      [Symbol(propertyEventListeners)]: Map(0) {}
    },
    withCredentials: false,
    timeout: 0,
    [Symbol(listeners)]: { capturing: Map(0) {}, bubbling: Map(0) {} },
    [Symbol(listenerOptions)]: { capturing: Map(0) {}, bubbling: Map(0) {} },
    [Symbol(propertyEventListeners)]: Map(4) {
      'onloadend' => [Function: onloadend],
      'onabort' => [Function: handleAbort],
      'onerror' => [Function: handleError],
      'ontimeout' => [Function: handleTimeout]
    }
  },
  event: ErrorEvent {
    NONE: 0,
    CAPTURING_PHASE: 1,
    AT_TARGET: 2,
    BUBBLING_PHASE: 3,
    detail: 0,
    layerX: 0,
    layerY: 0,
    pageX: 0,
    pageY: 0,
    view: null,
    message: 'Failed to execute "fetch()" on "Window" with URL "http://localhost:3001/api/wishlist/1/check": connect ECONNREFUSED ::1:3001',
    filename: '',
    lineno: 0,
    colno: 0,
    error: DOMException [NetworkError]: Failed to execute "fetch()" on "Window" with URL "http://localhost:3001/api/wishlist/1/check": connect ECONNREFUSED ::1:3001
        at Fetch.onError (file:///Users/romanbulyhin/mnostva/mnostva-art/node_modules/happy-dom/lib/fetch/Fetch.js:540:21)
        at ClientRequest.emit (node:events:517:28)
        at Socket.socketErrorListener (node:_http_client:501:9)
        at Socket.emit (node:events:517:28)
        at emitErrorNT (node:internal/streams/destroy:151:8)
        at emitErrorCloseNT (node:internal/streams/destroy:116:3)
        at processTicksAndRejections (node:internal/process/task_queues:82:21),
    [Symbol(composed)]: false,
    [Symbol(bubbles)]: false,
    [Symbol(cancelable)]: false,
    [Symbol(defaultPrevented)]: false,
    [Symbol(eventPhase)]: 0,
    [Symbol(timeStamp)]: 2288.517541885376,
    [Symbol(type)]: 'error',
    [Symbol(dispatching)]: false,
    [Symbol(immediatePropagationStopped)]: false,
    [Symbol(propagationStopped)]: false,
    [Symbol(target)]: XMLHttpRequest [EventTarget] {
      upload: [XMLHttpRequestUpload [EventTarget]],
      withCredentials: false,
      timeout: 0,
      [Symbol(listeners)]: [Object],
      [Symbol(listenerOptions)]: [Object],
      [Symbol(propertyEventListeners)]: [Map]
    },
    [Symbol(currentTarget)]: null,
    [Symbol(isInPassiveEventListener)]: false
  }
}

Error: connect ECONNREFUSED ::1:3001
    at TCPConnectWrap.afterConnect [as oncomplete] (node:net:1555:16) {
  errno: -61,
  code: 'ECONNREFUSED',
  syscall: 'connect',
  address: '::1',
  port: 3001
}
stderr | processTicksAndRejections (node:internal/process/task_queues:95:5)
AxiosError: Failed to execute "fetch()" on "Window" with URL "http://localhost:3001/api/reviews/product/1/stats": connect ECONNREFUSED ::1:3001
    at handleError (file:///Users/romanbulyhin/mnostva/mnostva-art/node_modules/axios/lib/adapters/xhr.js:112:20)
    at XMLHttpRequest.#callDispatchEventListeners (file:///Users/romanbulyhin/mnostva/mnostva-art/node_modules/happy-dom/lib/event/EventTarget.js:295:25)
    at XMLHttpRequest.dispatchEvent (file:///Users/romanbulyhin/mnostva/mnostva-art/node_modules/happy-dom/lib/event/EventTarget.js:104:41)
    at XMLHttpRequest.#goThroughDispatchEventPhases (file:///Users/romanbulyhin/mnostva/mnostva-art/node_modules/happy-dom/lib/event/EventTarget.js:164:38)
    at XMLHttpRequest.dispatchEvent (file:///Users/romanbulyhin/mnostva/mnostva-art/node_modules/happy-dom/lib/event/EventTarget.js:100:47)
    at XMLHttpRequest.#dispatchEvent (file:///Users/romanbulyhin/mnostva/mnostva-art/node_modules/happy-dom/lib/xml-http-request/XMLHttpRequest.js:460:14)
    at onError (file:///Users/romanbulyhin/mnostva/mnostva-art/node_modules/happy-dom/lib/xml-http-request/XMLHttpRequest.js:326:36)
    at XMLHttpRequest.#sendAsync (file:///Users/romanbulyhin/mnostva/mnostva-art/node_modules/happy-dom/lib/xml-http-request/XMLHttpRequest.js:342:13)
    at processTicksAndRejections (node:internal/process/task_queues:95:5)
    at Axios.request (file:///Users/romanbulyhin/mnostva/mnostva-art/node_modules/axios/lib/core/Axios.js:46:41)
    at processTicksAndRejections (node:internal/process/task_queues:95:5)
    at Object.getStats (/Users/romanbulyhin/mnostva/mnostva-art/services/reviewsService.ts:23:26) {
  isAxiosError: true,
  code: 'ERR_NETWORK',
  config: {
    transitional: {
      silentJSONParsing: true,
      forcedJSONParsing: true,
      clarifyTimeoutError: false,
      legacyInterceptorReqResOrdering: true
    },
    adapter: [ 'xhr', 'http', 'fetch' ],
    transformRequest: [ [Function: transformRequest] ],
    transformResponse: [ [Function: transformResponse] ],
    timeout: 0,
    xsrfCookieName: 'XSRF-TOKEN',
    xsrfHeaderName: 'X-XSRF-TOKEN',
    maxContentLength: -1,
    maxBodyLength: -1,
    env: { FormData: [Function], Blob: [class Blob] },
    validateStatus: [Function: validateStatus],
    headers: Object [AxiosHeaders] {
      Accept: 'application/json, text/plain, */*',
      'Content-Type': undefined
    },
    method: 'get',
    url: 'http://localhost:3001/api/reviews/product/1/stats',
    allowAbsoluteUrls: true,
    data: undefined
  },
  request: XMLHttpRequest [EventTarget] {
    upload: XMLHttpRequestUpload [EventTarget] {
      [Symbol(listeners)]: [Object],
      [Symbol(listenerOptions)]: [Object],
      [Symbol(propertyEventListeners)]: Map(0) {}
    },
    withCredentials: false,
    timeout: 0,
    [Symbol(listeners)]: { capturing: Map(0) {}, bubbling: Map(0) {} },
    [Symbol(listenerOptions)]: { capturing: Map(0) {}, bubbling: Map(0) {} },
    [Symbol(propertyEventListeners)]: Map(4) {
      'onloadend' => [Function: onloadend],
      'onabort' => [Function: handleAbort],
      'onerror' => [Function: handleError],
      'ontimeout' => [Function: handleTimeout]
    }
  },
  event: ErrorEvent {
    NONE: 0,
    CAPTURING_PHASE: 1,
    AT_TARGET: 2,
    BUBBLING_PHASE: 3,
    detail: 0,
    layerX: 0,
    layerY: 0,
    pageX: 0,
    pageY: 0,
    view: null,
    message: 'Failed to execute "fetch()" on "Window" with URL "http://localhost:3001/api/reviews/product/1/stats": connect ECONNREFUSED ::1:3001',
    filename: '',
    lineno: 0,
    colno: 0,
    error: DOMException [NetworkError]: Failed to execute "fetch()" on "Window" with URL "http://localhost:3001/api/reviews/product/1/stats": connect ECONNREFUSED ::1:3001
        at Fetch.onError (file:///Users/romanbulyhin/mnostva/mnostva-art/node_modules/happy-dom/lib/fetch/Fetch.js:540:21)
        at ClientRequest.emit (node:events:517:28)
        at Socket.socketErrorListener (node:_http_client:501:9)
        at Socket.emit (node:events:517:28)
        at emitErrorNT (node:internal/streams/destroy:151:8)
        at emitErrorCloseNT (node:internal/streams/destroy:116:3)
        at processTicksAndRejections (node:internal/process/task_queues:82:21),
    [Symbol(composed)]: false,
    [Symbol(bubbles)]: false,
    [Symbol(cancelable)]: false,
    [Symbol(defaultPrevented)]: false,
    [Symbol(eventPhase)]: 0,
    [Symbol(timeStamp)]: 2290.088041305542,
    [Symbol(type)]: 'error',
    [Symbol(dispatching)]: false,
    [Symbol(immediatePropagationStopped)]: false,
    [Symbol(propagationStopped)]: false,
    [Symbol(target)]: XMLHttpRequest [EventTarget] {
      upload: [XMLHttpRequestUpload [EventTarget]],
      withCredentials: false,
      timeout: 0,
      [Symbol(listeners)]: [Object],
      [Symbol(listenerOptions)]: [Object],
      [Symbol(propertyEventListeners)]: [Map]
    },
    [Symbol(currentTarget)]: null,
    [Symbol(isInPassiveEventListener)]: false
  }
}

Error: connect ECONNREFUSED ::1:3001
    at TCPConnectWrap.afterConnect [as oncomplete] (node:net:1555:16) {
  errno: -61,
  code: 'ECONNREFUSED',
  syscall: 'connect',
  address: '::1',
  port: 3001
}
stderr | processTicksAndRejections (node:internal/process/task_queues:95:5)
AxiosError: Failed to execute "fetch()" on "Window" with URL "http://localhost:3001/api/reviews/product/1": connect ECONNREFUSED ::1:3001
    at handleError (file:///Users/romanbulyhin/mnostva/mnostva-art/node_modules/axios/lib/adapters/xhr.js:112:20)
    at XMLHttpRequest.#callDispatchEventListeners (file:///Users/romanbulyhin/mnostva/mnostva-art/node_modules/happy-dom/lib/event/EventTarget.js:295:25)
    at XMLHttpRequest.dispatchEvent (file:///Users/romanbulyhin/mnostva/mnostva-art/node_modules/happy-dom/lib/event/EventTarget.js:104:41)
    at XMLHttpRequest.#goThroughDispatchEventPhases (file:///Users/romanbulyhin/mnostva/mnostva-art/node_modules/happy-dom/lib/event/EventTarget.js:164:38)
    at XMLHttpRequest.dispatchEvent (file:///Users/romanbulyhin/mnostva/mnostva-art/node_modules/happy-dom/lib/event/EventTarget.js:100:47)
    at XMLHttpRequest.#dispatchEvent (file:///Users/romanbulyhin/mnostva/mnostva-art/node_modules/happy-dom/lib/xml-http-request/XMLHttpRequest.js:460:14)
    at onError (file:///Users/romanbulyhin/mnostva/mnostva-art/node_modules/happy-dom/lib/xml-http-request/XMLHttpRequest.js:326:36)
    at XMLHttpRequest.#sendAsync (file:///Users/romanbulyhin/mnostva/mnostva-art/node_modules/happy-dom/lib/xml-http-request/XMLHttpRequest.js:342:13)
    at processTicksAndRejections (node:internal/process/task_queues:95:5)
    at Axios.request (file:///Users/romanbulyhin/mnostva/mnostva-art/node_modules/axios/lib/core/Axios.js:46:41)
    at processTicksAndRejections (node:internal/process/task_queues:95:5)
    at Object.getByProduct (/Users/romanbulyhin/mnostva/mnostva-art/services/reviewsService.ts:18:26) {
  isAxiosError: true,
  code: 'ERR_NETWORK',
  config: {
    transitional: {
      silentJSONParsing: true,
      forcedJSONParsing: true,
      clarifyTimeoutError: false,
      legacyInterceptorReqResOrdering: true
    },
    adapter: [ 'xhr', 'http', 'fetch' ],
    transformRequest: [ [Function: transformRequest] ],
    transformResponse: [ [Function: transformResponse] ],
    timeout: 0,
    xsrfCookieName: 'XSRF-TOKEN',
    xsrfHeaderName: 'X-XSRF-TOKEN',
    maxContentLength: -1,
    maxBodyLength: -1,
    env: { FormData: [Function], Blob: [class Blob] },
    validateStatus: [Function: validateStatus],
    headers: Object [AxiosHeaders] {
      Accept: 'application/json, text/plain, */*',
      'Content-Type': undefined
    },
    method: 'get',
    url: 'http://localhost:3001/api/reviews/product/1',
    allowAbsoluteUrls: true,
    data: undefined
  },
  request: XMLHttpRequest [EventTarget] {
    upload: XMLHttpRequestUpload [EventTarget] {
      [Symbol(listeners)]: [Object],
      [Symbol(listenerOptions)]: [Object],
      [Symbol(propertyEventListeners)]: Map(0) {}
    },
    withCredentials: false,
    timeout: 0,
    [Symbol(listeners)]: { capturing: Map(0) {}, bubbling: Map(0) {} },
    [Symbol(listenerOptions)]: { capturing: Map(0) {}, bubbling: Map(0) {} },
    [Symbol(propertyEventListeners)]: Map(4) {
      'onloadend' => [Function: onloadend],
      'onabort' => [Function: handleAbort],
      'onerror' => [Function: handleError],
      'ontimeout' => [Function: handleTimeout]
    }
  },
  event: ErrorEvent {
    NONE: 0,
    CAPTURING_PHASE: 1,
    AT_TARGET: 2,
    BUBBLING_PHASE: 3,
    detail: 0,
    layerX: 0,
    layerY: 0,
    pageX: 0,
    pageY: 0,
    view: null,
    message: 'Failed to execute "fetch()" on "Window" with URL "http://localhost:3001/api/reviews/product/1": connect ECONNREFUSED ::1:3001',
    filename: '',
    lineno: 0,
    colno: 0,
    error: DOMException [NetworkError]: Failed to execute "fetch()" on "Window" with URL "http://localhost:3001/api/reviews/product/1": connect ECONNREFUSED ::1:3001
        at Fetch.onError (file:///Users/romanbulyhin/mnostva/mnostva-art/node_modules/happy-dom/lib/fetch/Fetch.js:540:21)
        at ClientRequest.emit (node:events:517:28)
        at Socket.socketErrorListener (node:_http_client:501:9)
        at Socket.emit (node:events:517:28)
        at emitErrorNT (node:internal/streams/destroy:151:8)
        at emitErrorCloseNT (node:internal/streams/destroy:116:3)
        at processTicksAndRejections (node:internal/process/task_queues:82:21),
    [Symbol(composed)]: false,
    [Symbol(bubbles)]: false,
    [Symbol(cancelable)]: false,
    [Symbol(defaultPrevented)]: false,
    [Symbol(eventPhase)]: 0,
    [Symbol(timeStamp)]: 2291.736249923706,
    [Symbol(type)]: 'error',
    [Symbol(dispatching)]: false,
    [Symbol(immediatePropagationStopped)]: false,
    [Symbol(propagationStopped)]: false,
    [Symbol(target)]: XMLHttpRequest [EventTarget] {
      upload: [XMLHttpRequestUpload [EventTarget]],
      withCredentials: false,
      timeout: 0,
      [Symbol(listeners)]: [Object],
      [Symbol(listenerOptions)]: [Object],
      [Symbol(propertyEventListeners)]: [Map]
    },
    [Symbol(currentTarget)]: null,
    [Symbol(isInPassiveEventListener)]: false
  }
}

Error: connect ECONNREFUSED ::1:3001
    at TCPConnectWrap.afterConnect [as oncomplete] (node:net:1555:16) {
  errno: -61,
  code: 'ECONNREFUSED',
  syscall: 'connect',
  address: '::1',
  port: 3001
}
stderr | processTicksAndRejections (node:internal/process/task_queues:95:5)
AxiosError: Failed to execute "fetch()" on "Window" with URL "http://localhost:3001/api/reviews/product/1/stats": connect ECONNREFUSED ::1:3001
    at handleError (file:///Users/romanbulyhin/mnostva/mnostva-art/node_modules/axios/lib/adapters/xhr.js:112:20)
    at XMLHttpRequest.#callDispatchEventListeners (file:///Users/romanbulyhin/mnostva/mnostva-art/node_modules/happy-dom/lib/event/EventTarget.js:295:25)
    at XMLHttpRequest.dispatchEvent (file:///Users/romanbulyhin/mnostva/mnostva-art/node_modules/happy-dom/lib/event/EventTarget.js:104:41)
    at XMLHttpRequest.#goThroughDispatchEventPhases (file:///Users/romanbulyhin/mnostva/mnostva-art/node_modules/happy-dom/lib/event/EventTarget.js:164:38)
    at XMLHttpRequest.dispatchEvent (file:///Users/romanbulyhin/mnostva/mnostva-art/node_modules/happy-dom/lib/event/EventTarget.js:100:47)
    at XMLHttpRequest.#dispatchEvent (file:///Users/romanbulyhin/mnostva/mnostva-art/node_modules/happy-dom/lib/xml-http-request/XMLHttpRequest.js:460:14)
    at onError (file:///Users/romanbulyhin/mnostva/mnostva-art/node_modules/happy-dom/lib/xml-http-request/XMLHttpRequest.js:326:36)
    at XMLHttpRequest.#sendAsync (file:///Users/romanbulyhin/mnostva/mnostva-art/node_modules/happy-dom/lib/xml-http-request/XMLHttpRequest.js:342:13)
    at processTicksAndRejections (node:internal/process/task_queues:95:5)
    at Axios.request (file:///Users/romanbulyhin/mnostva/mnostva-art/node_modules/axios/lib/core/Axios.js:46:41)
    at processTicksAndRejections (node:internal/process/task_queues:95:5)
    at Object.getStats (/Users/romanbulyhin/mnostva/mnostva-art/services/reviewsService.ts:23:26) {
  isAxiosError: true,
  code: 'ERR_NETWORK',
  config: {
    transitional: {
      silentJSONParsing: true,
      forcedJSONParsing: true,
      clarifyTimeoutError: false,
      legacyInterceptorReqResOrdering: true
    },
    adapter: [ 'xhr', 'http', 'fetch' ],
    transformRequest: [ [Function: transformRequest] ],
    transformResponse: [ [Function: transformResponse] ],
    timeout: 0,
    xsrfCookieName: 'XSRF-TOKEN',
    xsrfHeaderName: 'X-XSRF-TOKEN',
    maxContentLength: -1,
    maxBodyLength: -1,
    env: { FormData: [Function], Blob: [class Blob] },
    validateStatus: [Function: validateStatus],
    headers: Object [AxiosHeaders] {
      Accept: 'application/json, text/plain, */*',
      'Content-Type': undefined
    },
    method: 'get',
    url: 'http://localhost:3001/api/reviews/product/1/stats',
    allowAbsoluteUrls: true,
    data: undefined
  },
  request: XMLHttpRequest [EventTarget] {
    upload: XMLHttpRequestUpload [EventTarget] {
      [Symbol(listeners)]: [Object],
      [Symbol(listenerOptions)]: [Object],
      [Symbol(propertyEventListeners)]: Map(0) {}
    },
    withCredentials: false,
    timeout: 0,
    [Symbol(listeners)]: { capturing: Map(0) {}, bubbling: Map(0) {} },
    [Symbol(listenerOptions)]: { capturing: Map(0) {}, bubbling: Map(0) {} },
    [Symbol(propertyEventListeners)]: Map(4) {
      'onloadend' => [Function: onloadend],
      'onabort' => [Function: handleAbort],
      'onerror' => [Function: handleError],
      'ontimeout' => [Function: handleTimeout]
    }
  },
  event: ErrorEvent {
    NONE: 0,
    CAPTURING_PHASE: 1,
    AT_TARGET: 2,
    BUBBLING_PHASE: 3,
    detail: 0,
    layerX: 0,
    layerY: 0,
    pageX: 0,
    pageY: 0,
    view: null,
    message: 'Failed to execute "fetch()" on "Window" with URL "http://localhost:3001/api/reviews/product/1/stats": connect ECONNREFUSED ::1:3001',
    filename: '',
    lineno: 0,
    colno: 0,
    error: DOMException [NetworkError]: Failed to execute "fetch()" on "Window" with URL "http://localhost:3001/api/reviews/product/1/stats": connect ECONNREFUSED ::1:3001
        at Fetch.onError (file:///Users/romanbulyhin/mnostva/mnostva-art/node_modules/happy-dom/lib/fetch/Fetch.js:540:21)
        at ClientRequest.emit (node:events:517:28)
        at Socket.socketErrorListener (node:_http_client:501:9)
        at Socket.emit (node:events:517:28)
        at emitErrorNT (node:internal/streams/destroy:151:8)
        at emitErrorCloseNT (node:internal/streams/destroy:116:3)
        at processTicksAndRejections (node:internal/process/task_queues:82:21),
    [Symbol(composed)]: false,
    [Symbol(bubbles)]: false,
    [Symbol(cancelable)]: false,
    [Symbol(defaultPrevented)]: false,
    [Symbol(eventPhase)]: 0,
    [Symbol(timeStamp)]: 2292.6193742752075,
    [Symbol(type)]: 'error',
    [Symbol(dispatching)]: false,
    [Symbol(immediatePropagationStopped)]: false,
    [Symbol(propagationStopped)]: false,
    [Symbol(target)]: XMLHttpRequest [EventTarget] {
      upload: [XMLHttpRequestUpload [EventTarget]],
      withCredentials: false,
      timeout: 0,
      [Symbol(listeners)]: [Object],
      [Symbol(listenerOptions)]: [Object],
      [Symbol(propertyEventListeners)]: [Map]
    },
    [Symbol(currentTarget)]: null,
    [Symbol(isInPassiveEventListener)]: false
  }
}

Error: connect ECONNREFUSED ::1:3001
    at TCPConnectWrap.afterConnect [as oncomplete] (node:net:1555:16) {
  errno: -61,
  code: 'ECONNREFUSED',
  syscall: 'connect',
  address: '::1',
  port: 3001
}
stderr | processTicksAndRejections (node:internal/process/task_queues:95:5)
AxiosError: Failed to execute "fetch()" on "Window" with URL "http://localhost:3001/api/wishlist/1/check": connect ECONNREFUSED ::1:3001
    at handleError (file:///Users/romanbulyhin/mnostva/mnostva-art/node_modules/axios/lib/adapters/xhr.js:112:20)
    at XMLHttpRequest.#callDispatchEventListeners (file:///Users/romanbulyhin/mnostva/mnostva-art/node_modules/happy-dom/lib/event/EventTarget.js:295:25)
    at XMLHttpRequest.dispatchEvent (file:///Users/romanbulyhin/mnostva/mnostva-art/node_modules/happy-dom/lib/event/EventTarget.js:104:41)
    at XMLHttpRequest.#goThroughDispatchEventPhases (file:///Users/romanbulyhin/mnostva/mnostva-art/node_modules/happy-dom/lib/event/EventTarget.js:164:38)
    at XMLHttpRequest.dispatchEvent (file:///Users/romanbulyhin/mnostva/mnostva-art/node_modules/happy-dom/lib/event/EventTarget.js:100:47)
    at XMLHttpRequest.#dispatchEvent (file:///Users/romanbulyhin/mnostva/mnostva-art/node_modules/happy-dom/lib/xml-http-request/XMLHttpRequest.js:460:14)
    at onError (file:///Users/romanbulyhin/mnostva/mnostva-art/node_modules/happy-dom/lib/xml-http-request/XMLHttpRequest.js:326:36)
    at XMLHttpRequest.#sendAsync (file:///Users/romanbulyhin/mnostva/mnostva-art/node_modules/happy-dom/lib/xml-http-request/XMLHttpRequest.js:342:13)
    at processTicksAndRejections (node:internal/process/task_queues:95:5)
    at Axios.request (file:///Users/romanbulyhin/mnostva/mnostva-art/node_modules/axios/lib/core/Axios.js:46:41)
    at processTicksAndRejections (node:internal/process/task_queues:95:5)
    at Object.checkStatus (/Users/romanbulyhin/mnostva/mnostva-art/services/wishlistService.ts:21:26) {
  isAxiosError: true,
  code: 'ERR_NETWORK',
  config: {
    transitional: {
      silentJSONParsing: true,
      forcedJSONParsing: true,
      clarifyTimeoutError: false,
      legacyInterceptorReqResOrdering: true
    },
    adapter: [ 'xhr', 'http', 'fetch' ],
    transformRequest: [ [Function: transformRequest] ],
    transformResponse: [ [Function: transformResponse] ],
    timeout: 0,
    xsrfCookieName: 'XSRF-TOKEN',
    xsrfHeaderName: 'X-XSRF-TOKEN',
    maxContentLength: -1,
    maxBodyLength: -1,
    env: { FormData: [Function], Blob: [class Blob] },
    validateStatus: [Function: validateStatus],
    headers: Object [AxiosHeaders] {
      Accept: 'application/json, text/plain, */*',
      'Content-Type': undefined,
      Authorization: 'Bearer '
    },
    method: 'get',
    url: 'http://localhost:3001/api/wishlist/1/check',
    allowAbsoluteUrls: true,
    data: undefined
  },
  request: XMLHttpRequest [EventTarget] {
    upload: XMLHttpRequestUpload [EventTarget] {
      [Symbol(listeners)]: [Object],
      [Symbol(listenerOptions)]: [Object],
      [Symbol(propertyEventListeners)]: Map(0) {}
    },
    withCredentials: false,
    timeout: 0,
    [Symbol(listeners)]: { capturing: Map(0) {}, bubbling: Map(0) {} },
    [Symbol(listenerOptions)]: { capturing: Map(0) {}, bubbling: Map(0) {} },
    [Symbol(propertyEventListeners)]: Map(4) {
      'onloadend' => [Function: onloadend],
      'onabort' => [Function: handleAbort],
      'onerror' => [Function: handleError],
      'ontimeout' => [Function: handleTimeout]
    }
  },
  event: ErrorEvent {
    NONE: 0,
    CAPTURING_PHASE: 1,
    AT_TARGET: 2,
    BUBBLING_PHASE: 3,
    detail: 0,
    layerX: 0,
    layerY: 0,
    pageX: 0,
    pageY: 0,
    view: null,
    message: 'Failed to execute "fetch()" on "Window" with URL "http://localhost:3001/api/wishlist/1/check": connect ECONNREFUSED ::1:3001',
    filename: '',
    lineno: 0,
    colno: 0,
    error: DOMException [NetworkError]: Failed to execute "fetch()" on "Window" with URL "http://localhost:3001/api/wishlist/1/check": connect ECONNREFUSED ::1:3001
        at Fetch.onError (file:///Users/romanbulyhin/mnostva/mnostva-art/node_modules/happy-dom/lib/fetch/Fetch.js:540:21)
        at ClientRequest.emit (node:events:517:28)
        at Socket.socketErrorListener (node:_http_client:501:9)
        at Socket.emit (node:events:517:28)
        at emitErrorNT (node:internal/streams/destroy:151:8)
        at emitErrorCloseNT (node:internal/streams/destroy:116:3)
        at processTicksAndRejections (node:internal/process/task_queues:82:21),
    [Symbol(composed)]: false,
    [Symbol(bubbles)]: false,
    [Symbol(cancelable)]: false,
    [Symbol(defaultPrevented)]: false,
    [Symbol(eventPhase)]: 0,
    [Symbol(timeStamp)]: 2293.664750099182,
    [Symbol(type)]: 'error',
    [Symbol(dispatching)]: false,
    [Symbol(immediatePropagationStopped)]: false,
    [Symbol(propagationStopped)]: false,
    [Symbol(target)]: XMLHttpRequest [EventTarget] {
      upload: [XMLHttpRequestUpload [EventTarget]],
      withCredentials: false,
      timeout: 0,
      [Symbol(listeners)]: [Object],
      [Symbol(listenerOptions)]: [Object],
      [Symbol(propertyEventListeners)]: [Map]
    },
    [Symbol(currentTarget)]: null,
    [Symbol(isInPassiveEventListener)]: false
  }
}

Error: connect ECONNREFUSED ::1:3001
    at TCPConnectWrap.afterConnect [as oncomplete] (node:net:1555:16) {
  errno: -61,
  code: 'ECONNREFUSED',
  syscall: 'connect',
  address: '::1',
  port: 3001
}
stderr | processTicksAndRejections (node:internal/process/task_queues:95:5)
AxiosError: Failed to execute "fetch()" on "Window" with URL "http://localhost:3001/api/reviews/product/1": connect ECONNREFUSED ::1:3001
    at handleError (file:///Users/romanbulyhin/mnostva/mnostva-art/node_modules/axios/lib/adapters/xhr.js:112:20)
    at XMLHttpRequest.#callDispatchEventListeners (file:///Users/romanbulyhin/mnostva/mnostva-art/node_modules/happy-dom/lib/event/EventTarget.js:295:25)
    at XMLHttpRequest.dispatchEvent (file:///Users/romanbulyhin/mnostva/mnostva-art/node_modules/happy-dom/lib/event/EventTarget.js:104:41)
    at XMLHttpRequest.#goThroughDispatchEventPhases (file:///Users/romanbulyhin/mnostva/mnostva-art/node_modules/happy-dom/lib/event/EventTarget.js:164:38)
    at XMLHttpRequest.dispatchEvent (file:///Users/romanbulyhin/mnostva/mnostva-art/node_modules/happy-dom/lib/event/EventTarget.js:100:47)
    at XMLHttpRequest.#dispatchEvent (file:///Users/romanbulyhin/mnostva/mnostva-art/node_modules/happy-dom/lib/xml-http-request/XMLHttpRequest.js:460:14)
    at onError (file:///Users/romanbulyhin/mnostva/mnostva-art/node_modules/happy-dom/lib/xml-http-request/XMLHttpRequest.js:326:36)
    at XMLHttpRequest.#sendAsync (file:///Users/romanbulyhin/mnostva/mnostva-art/node_modules/happy-dom/lib/xml-http-request/XMLHttpRequest.js:342:13)
    at processTicksAndRejections (node:internal/process/task_queues:95:5)
    at Axios.request (file:///Users/romanbulyhin/mnostva/mnostva-art/node_modules/axios/lib/core/Axios.js:46:41)
    at processTicksAndRejections (node:internal/process/task_queues:95:5)
    at Object.getByProduct (/Users/romanbulyhin/mnostva/mnostva-art/services/reviewsService.ts:18:26) {
  isAxiosError: true,
  code: 'ERR_NETWORK',
  config: {
    transitional: {
      silentJSONParsing: true,
      forcedJSONParsing: true,
      clarifyTimeoutError: false,
      legacyInterceptorReqResOrdering: true
    },
    adapter: [ 'xhr', 'http', 'fetch' ],
    transformRequest: [ [Function: transformRequest] ],
    transformResponse: [ [Function: transformResponse] ],
    timeout: 0,
    xsrfCookieName: 'XSRF-TOKEN',
    xsrfHeaderName: 'X-XSRF-TOKEN',
    maxContentLength: -1,
    maxBodyLength: -1,
    env: { FormData: [Function], Blob: [class Blob] },
    validateStatus: [Function: validateStatus],
    headers: Object [AxiosHeaders] {
      Accept: 'application/json, text/plain, */*',
      'Content-Type': undefined
    },
    method: 'get',
    url: 'http://localhost:3001/api/reviews/product/1',
    allowAbsoluteUrls: true,
    data: undefined
  },
  request: XMLHttpRequest [EventTarget] {
    upload: XMLHttpRequestUpload [EventTarget] {
      [Symbol(listeners)]: [Object],
      [Symbol(listenerOptions)]: [Object],
      [Symbol(propertyEventListeners)]: Map(0) {}
    },
    withCredentials: false,
    timeout: 0,
    [Symbol(listeners)]: { capturing: Map(0) {}, bubbling: Map(0) {} },
    [Symbol(listenerOptions)]: { capturing: Map(0) {}, bubbling: Map(0) {} },
    [Symbol(propertyEventListeners)]: Map(4) {
      'onloadend' => [Function: onloadend],
      'onabort' => [Function: handleAbort],
      'onerror' => [Function: handleError],
      'ontimeout' => [Function: handleTimeout]
    }
  },
  event: ErrorEvent {
    NONE: 0,
    CAPTURING_PHASE: 1,
    AT_TARGET: 2,
    BUBBLING_PHASE: 3,
    detail: 0,
    layerX: 0,
    layerY: 0,
    pageX: 0,
    pageY: 0,
    view: null,
    message: 'Failed to execute "fetch()" on "Window" with URL "http://localhost:3001/api/reviews/product/1": connect ECONNREFUSED ::1:3001',
    filename: '',
    lineno: 0,
    colno: 0,
    error: DOMException [NetworkError]: Failed to execute "fetch()" on "Window" with URL "http://localhost:3001/api/reviews/product/1": connect ECONNREFUSED ::1:3001
        at Fetch.onError (file:///Users/romanbulyhin/mnostva/mnostva-art/node_modules/happy-dom/lib/fetch/Fetch.js:540:21)
        at ClientRequest.emit (node:events:517:28)
        at Socket.socketErrorListener (node:_http_client:501:9)
        at Socket.emit (node:events:517:28)
        at emitErrorNT (node:internal/streams/destroy:151:8)
        at emitErrorCloseNT (node:internal/streams/destroy:116:3)
        at processTicksAndRejections (node:internal/process/task_queues:82:21),
    [Symbol(composed)]: false,
    [Symbol(bubbles)]: false,
    [Symbol(cancelable)]: false,
    [Symbol(defaultPrevented)]: false,
    [Symbol(eventPhase)]: 0,
    [Symbol(timeStamp)]: 2294.173833847046,
    [Symbol(type)]: 'error',
    [Symbol(dispatching)]: false,
    [Symbol(immediatePropagationStopped)]: false,
    [Symbol(propagationStopped)]: false,
    [Symbol(target)]: XMLHttpRequest [EventTarget] {
      upload: [XMLHttpRequestUpload [EventTarget]],
      withCredentials: false,
      timeout: 0,
      [Symbol(listeners)]: [Object],
      [Symbol(listenerOptions)]: [Object],
      [Symbol(propertyEventListeners)]: [Map]
    },
    [Symbol(currentTarget)]: null,
    [Symbol(isInPassiveEventListener)]: false
  }
}

Error: connect ECONNREFUSED ::1:3001
    at TCPConnectWrap.afterConnect [as oncomplete] (node:net:1555:16) {
  errno: -61,
  code: 'ECONNREFUSED',
  syscall: 'connect',
  address: '::1',
  port: 3001
}
stderr | processTicksAndRejections (node:internal/process/task_queues:95:5)
AxiosError: Failed to execute "fetch()" on "Window" with URL "http://localhost:3001/api/reviews/product/1/stats": connect ECONNREFUSED ::1:3001
    at handleError (file:///Users/romanbulyhin/mnostva/mnostva-art/node_modules/axios/lib/adapters/xhr.js:112:20)
    at XMLHttpRequest.#callDispatchEventListeners (file:///Users/romanbulyhin/mnostva/mnostva-art/node_modules/happy-dom/lib/event/EventTarget.js:295:25)
    at XMLHttpRequest.dispatchEvent (file:///Users/romanbulyhin/mnostva/mnostva-art/node_modules/happy-dom/lib/event/EventTarget.js:104:41)
    at XMLHttpRequest.#goThroughDispatchEventPhases (file:///Users/romanbulyhin/mnostva/mnostva-art/node_modules/happy-dom/lib/event/EventTarget.js:164:38)
    at XMLHttpRequest.dispatchEvent (file:///Users/romanbulyhin/mnostva/mnostva-art/node_modules/happy-dom/lib/event/EventTarget.js:100:47)
    at XMLHttpRequest.#dispatchEvent (file:///Users/romanbulyhin/mnostva/mnostva-art/node_modules/happy-dom/lib/xml-http-request/XMLHttpRequest.js:460:14)
    at onError (file:///Users/romanbulyhin/mnostva/mnostva-art/node_modules/happy-dom/lib/xml-http-request/XMLHttpRequest.js:326:36)
    at XMLHttpRequest.#sendAsync (file:///Users/romanbulyhin/mnostva/mnostva-art/node_modules/happy-dom/lib/xml-http-request/XMLHttpRequest.js:342:13)
    at processTicksAndRejections (node:internal/process/task_queues:95:5)
    at Axios.request (file:///Users/romanbulyhin/mnostva/mnostva-art/node_modules/axios/lib/core/Axios.js:46:41)
    at processTicksAndRejections (node:internal/process/task_queues:95:5)
    at Object.getStats (/Users/romanbulyhin/mnostva/mnostva-art/services/reviewsService.ts:23:26) {
  isAxiosError: true,
  code: 'ERR_NETWORK',
  config: {
    transitional: {
      silentJSONParsing: true,
      forcedJSONParsing: true,
      clarifyTimeoutError: false,
      legacyInterceptorReqResOrdering: true
    },
    adapter: [ 'xhr', 'http', 'fetch' ],
    transformRequest: [ [Function: transformRequest] ],
    transformResponse: [ [Function: transformResponse] ],
    timeout: 0,
    xsrfCookieName: 'XSRF-TOKEN',
    xsrfHeaderName: 'X-XSRF-TOKEN',
    maxContentLength: -1,
    maxBodyLength: -1,
    env: { FormData: [Function], Blob: [class Blob] },
    validateStatus: [Function: validateStatus],
    headers: Object [AxiosHeaders] {
      Accept: 'application/json, text/plain, */*',
      'Content-Type': undefined
    },
    method: 'get',
    url: 'http://localhost:3001/api/reviews/product/1/stats',
    allowAbsoluteUrls: true,
    data: undefined
  },
  request: XMLHttpRequest [EventTarget] {
    upload: XMLHttpRequestUpload [EventTarget] {
      [Symbol(listeners)]: [Object],
      [Symbol(listenerOptions)]: [Object],
      [Symbol(propertyEventListeners)]: Map(0) {}
    },
    withCredentials: false,
    timeout: 0,
    [Symbol(listeners)]: { capturing: Map(0) {}, bubbling: Map(0) {} },
    [Symbol(listenerOptions)]: { capturing: Map(0) {}, bubbling: Map(0) {} },
    [Symbol(propertyEventListeners)]: Map(4) {
      'onloadend' => [Function: onloadend],
      'onabort' => [Function: handleAbort],
      'onerror' => [Function: handleError],
      'ontimeout' => [Function: handleTimeout]
    }
  },
  event: ErrorEvent {
    NONE: 0,
    CAPTURING_PHASE: 1,
    AT_TARGET: 2,
    BUBBLING_PHASE: 3,
    detail: 0,
    layerX: 0,
    layerY: 0,
    pageX: 0,
    pageY: 0,
    view: null,
    message: 'Failed to execute "fetch()" on "Window" with URL "http://localhost:3001/api/reviews/product/1/stats": connect ECONNREFUSED ::1:3001',
    filename: '',
    lineno: 0,
    colno: 0,
    error: DOMException [NetworkError]: Failed to execute "fetch()" on "Window" with URL "http://localhost:3001/api/reviews/product/1/stats": connect ECONNREFUSED ::1:3001
        at Fetch.onError (file:///Users/romanbulyhin/mnostva/mnostva-art/node_modules/happy-dom/lib/fetch/Fetch.js:540:21)
        at ClientRequest.emit (node:events:517:28)
        at Socket.socketErrorListener (node:_http_client:501:9)
        at Socket.emit (node:events:517:28)
        at emitErrorNT (node:internal/streams/destroy:151:8)
        at emitErrorCloseNT (node:internal/streams/destroy:116:3)
        at processTicksAndRejections (node:internal/process/task_queues:82:21),
    [Symbol(composed)]: false,
    [Symbol(bubbles)]: false,
    [Symbol(cancelable)]: false,
    [Symbol(defaultPrevented)]: false,
    [Symbol(eventPhase)]: 0,
    [Symbol(timeStamp)]: 2294.8696250915527,
    [Symbol(type)]: 'error',
    [Symbol(dispatching)]: false,
    [Symbol(immediatePropagationStopped)]: false,
    [Symbol(propagationStopped)]: false,
    [Symbol(target)]: XMLHttpRequest [EventTarget] {
      upload: [XMLHttpRequestUpload [EventTarget]],
      withCredentials: false,
      timeout: 0,
      [Symbol(listeners)]: [Object],
      [Symbol(listenerOptions)]: [Object],
      [Symbol(propertyEventListeners)]: [Map]
    },
    [Symbol(currentTarget)]: null,
    [Symbol(isInPassiveEventListener)]: false
  }
}

Error: connect ECONNREFUSED ::1:3001
    at TCPConnectWrap.afterConnect [as oncomplete] (node:net:1555:16) {
  errno: -61,
  code: 'ECONNREFUSED',
  syscall: 'connect',
  address: '::1',
  port: 3001
}
stderr | processTicksAndRejections (node:internal/process/task_queues:95:5)
AxiosError: Failed to execute "fetch()" on "Window" with URL "http://localhost:3001/api/wishlist/1/check": connect ECONNREFUSED ::1:3001
    at handleError (file:///Users/romanbulyhin/mnostva/mnostva-art/node_modules/axios/lib/adapters/xhr.js:112:20)
    at XMLHttpRequest.#callDispatchEventListeners (file:///Users/romanbulyhin/mnostva/mnostva-art/node_modules/happy-dom/lib/event/EventTarget.js:295:25)
    at XMLHttpRequest.dispatchEvent (file:///Users/romanbulyhin/mnostva/mnostva-art/node_modules/happy-dom/lib/event/EventTarget.js:104:41)
    at XMLHttpRequest.#goThroughDispatchEventPhases (file:///Users/romanbulyhin/mnostva/mnostva-art/node_modules/happy-dom/lib/event/EventTarget.js:164:38)
    at XMLHttpRequest.dispatchEvent (file:///Users/romanbulyhin/mnostva/mnostva-art/node_modules/happy-dom/lib/event/EventTarget.js:100:47)
    at XMLHttpRequest.#dispatchEvent (file:///Users/romanbulyhin/mnostva/mnostva-art/node_modules/happy-dom/lib/xml-http-request/XMLHttpRequest.js:460:14)
    at onError (file:///Users/romanbulyhin/mnostva/mnostva-art/node_modules/happy-dom/lib/xml-http-request/XMLHttpRequest.js:326:36)
    at XMLHttpRequest.#sendAsync (file:///Users/romanbulyhin/mnostva/mnostva-art/node_modules/happy-dom/lib/xml-http-request/XMLHttpRequest.js:342:13)
    at processTicksAndRejections (node:internal/process/task_queues:95:5)
    at Axios.request (file:///Users/romanbulyhin/mnostva/mnostva-art/node_modules/axios/lib/core/Axios.js:46:41)
    at processTicksAndRejections (node:internal/process/task_queues:95:5)
    at Object.checkStatus (/Users/romanbulyhin/mnostva/mnostva-art/services/wishlistService.ts:21:26) {
  isAxiosError: true,
  code: 'ERR_NETWORK',
  config: {
    transitional: {
      silentJSONParsing: true,
      forcedJSONParsing: true,
      clarifyTimeoutError: false,
      legacyInterceptorReqResOrdering: true
    },
    adapter: [ 'xhr', 'http', 'fetch' ],
    transformRequest: [ [Function: transformRequest] ],
    transformResponse: [ [Function: transformResponse] ],
    timeout: 0,
    xsrfCookieName: 'XSRF-TOKEN',
    xsrfHeaderName: 'X-XSRF-TOKEN',
    maxContentLength: -1,
    maxBodyLength: -1,
    env: { FormData: [Function], Blob: [class Blob] },
    validateStatus: [Function: validateStatus],
    headers: Object [AxiosHeaders] {
      Accept: 'application/json, text/plain, */*',
      'Content-Type': undefined,
      Authorization: 'Bearer '
    },
    method: 'get',
    url: 'http://localhost:3001/api/wishlist/1/check',
    allowAbsoluteUrls: true,
    data: undefined
  },
  request: XMLHttpRequest [EventTarget] {
    upload: XMLHttpRequestUpload [EventTarget] {
      [Symbol(listeners)]: [Object],
      [Symbol(listenerOptions)]: [Object],
      [Symbol(propertyEventListeners)]: Map(0) {}
    },
    withCredentials: false,
    timeout: 0,
    [Symbol(listeners)]: { capturing: Map(0) {}, bubbling: Map(0) {} },
    [Symbol(listenerOptions)]: { capturing: Map(0) {}, bubbling: Map(0) {} },
    [Symbol(propertyEventListeners)]: Map(4) {
      'onloadend' => [Function: onloadend],
      'onabort' => [Function: handleAbort],
      'onerror' => [Function: handleError],
      'ontimeout' => [Function: handleTimeout]
    }
  },
  event: ErrorEvent {
    NONE: 0,
    CAPTURING_PHASE: 1,
    AT_TARGET: 2,
    BUBBLING_PHASE: 3,
    detail: 0,
    layerX: 0,
    layerY: 0,
    pageX: 0,
    pageY: 0,
    view: null,
    message: 'Failed to execute "fetch()" on "Window" with URL "http://localhost:3001/api/wishlist/1/check": connect ECONNREFUSED ::1:3001',
    filename: '',
    lineno: 0,
    colno: 0,
    error: DOMException [NetworkError]: Failed to execute "fetch()" on "Window" with URL "http://localhost:3001/api/wishlist/1/check": connect ECONNREFUSED ::1:3001
        at Fetch.onError (file:///Users/romanbulyhin/mnostva/mnostva-art/node_modules/happy-dom/lib/fetch/Fetch.js:540:21)
        at ClientRequest.emit (node:events:517:28)
        at Socket.socketErrorListener (node:_http_client:501:9)
        at Socket.emit (node:events:517:28)
        at emitErrorNT (node:internal/streams/destroy:151:8)
        at emitErrorCloseNT (node:internal/streams/destroy:116:3)
        at processTicksAndRejections (node:internal/process/task_queues:82:21),
    [Symbol(composed)]: false,
    [Symbol(bubbles)]: false,
    [Symbol(cancelable)]: false,
    [Symbol(defaultPrevented)]: false,
    [Symbol(eventPhase)]: 0,
    [Symbol(timeStamp)]: 2295.3562088012695,
    [Symbol(type)]: 'error',
    [Symbol(dispatching)]: false,
    [Symbol(immediatePropagationStopped)]: false,
    [Symbol(propagationStopped)]: false,
    [Symbol(target)]: XMLHttpRequest [EventTarget] {
      upload: [XMLHttpRequestUpload [EventTarget]],
      withCredentials: false,
      timeout: 0,
      [Symbol(listeners)]: [Object],
      [Symbol(listenerOptions)]: [Object],
      [Symbol(propertyEventListeners)]: [Map]
    },
    [Symbol(currentTarget)]: null,
    [Symbol(isInPassiveEventListener)]: false
  }
}

Error: connect ECONNREFUSED ::1:3001
    at TCPConnectWrap.afterConnect [as oncomplete] (node:net:1555:16) {
  errno: -61,
  code: 'ECONNREFUSED',
  syscall: 'connect',
  address: '::1',
  port: 3001
}
stderr | processTicksAndRejections (node:internal/process/task_queues:95:5)
AxiosError: Failed to execute "fetch()" on "Window" with URL "http://localhost:3001/api/reviews/product/1/stats": connect ECONNREFUSED ::1:3001
    at handleError (file:///Users/romanbulyhin/mnostva/mnostva-art/node_modules/axios/lib/adapters/xhr.js:112:20)
    at XMLHttpRequest.#callDispatchEventListeners (file:///Users/romanbulyhin/mnostva/mnostva-art/node_modules/happy-dom/lib/event/EventTarget.js:295:25)
    at XMLHttpRequest.dispatchEvent (file:///Users/romanbulyhin/mnostva/mnostva-art/node_modules/happy-dom/lib/event/EventTarget.js:104:41)
    at XMLHttpRequest.#goThroughDispatchEventPhases (file:///Users/romanbulyhin/mnostva/mnostva-art/node_modules/happy-dom/lib/event/EventTarget.js:164:38)
    at XMLHttpRequest.dispatchEvent (file:///Users/romanbulyhin/mnostva/mnostva-art/node_modules/happy-dom/lib/event/EventTarget.js:100:47)
    at XMLHttpRequest.#dispatchEvent (file:///Users/romanbulyhin/mnostva/mnostva-art/node_modules/happy-dom/lib/xml-http-request/XMLHttpRequest.js:460:14)
    at onError (file:///Users/romanbulyhin/mnostva/mnostva-art/node_modules/happy-dom/lib/xml-http-request/XMLHttpRequest.js:326:36)
    at XMLHttpRequest.#sendAsync (file:///Users/romanbulyhin/mnostva/mnostva-art/node_modules/happy-dom/lib/xml-http-request/XMLHttpRequest.js:342:13)
    at processTicksAndRejections (node:internal/process/task_queues:95:5)
    at Axios.request (file:///Users/romanbulyhin/mnostva/mnostva-art/node_modules/axios/lib/core/Axios.js:46:41)
    at processTicksAndRejections (node:internal/process/task_queues:95:5)
    at Object.getStats (/Users/romanbulyhin/mnostva/mnostva-art/services/reviewsService.ts:23:26) {
  isAxiosError: true,
  code: 'ERR_NETWORK',
  config: {
    transitional: {
      silentJSONParsing: true,
      forcedJSONParsing: true,
      clarifyTimeoutError: false,
      legacyInterceptorReqResOrdering: true
    },
    adapter: [ 'xhr', 'http', 'fetch' ],
    transformRequest: [ [Function: transformRequest] ],
    transformResponse: [ [Function: transformResponse] ],
    timeout: 0,
    xsrfCookieName: 'XSRF-TOKEN',
    xsrfHeaderName: 'X-XSRF-TOKEN',
    maxContentLength: -1,
    maxBodyLength: -1,
    env: { FormData: [Function], Blob: [class Blob] },
    validateStatus: [Function: validateStatus],
    headers: Object [AxiosHeaders] {
      Accept: 'application/json, text/plain, */*',
      'Content-Type': undefined
    },
    method: 'get',
    url: 'http://localhost:3001/api/reviews/product/1/stats',
    allowAbsoluteUrls: true,
    data: undefined
  },
  request: XMLHttpRequest [EventTarget] {
    upload: XMLHttpRequestUpload [EventTarget] {
      [Symbol(listeners)]: [Object],
      [Symbol(listenerOptions)]: [Object],
      [Symbol(propertyEventListeners)]: Map(0) {}
    },
    withCredentials: false,
    timeout: 0,
    [Symbol(listeners)]: { capturing: Map(0) {}, bubbling: Map(0) {} },
    [Symbol(listenerOptions)]: { capturing: Map(0) {}, bubbling: Map(0) {} },
    [Symbol(propertyEventListeners)]: Map(4) {
      'onloadend' => [Function: onloadend],
      'onabort' => [Function: handleAbort],
      'onerror' => [Function: handleError],
      'ontimeout' => [Function: handleTimeout]
    }
  },
  event: ErrorEvent {
    NONE: 0,
    CAPTURING_PHASE: 1,
    AT_TARGET: 2,
    BUBBLING_PHASE: 3,
    detail: 0,
    layerX: 0,
    layerY: 0,
    pageX: 0,
    pageY: 0,
    view: null,
    message: 'Failed to execute "fetch()" on "Window" with URL "http://localhost:3001/api/reviews/product/1/stats": connect ECONNREFUSED ::1:3001',
    filename: '',
    lineno: 0,
    colno: 0,
    error: DOMException [NetworkError]: Failed to execute "fetch()" on "Window" with URL "http://localhost:3001/api/reviews/product/1/stats": connect ECONNREFUSED ::1:3001
        at Fetch.onError (file:///Users/romanbulyhin/mnostva/mnostva-art/node_modules/happy-dom/lib/fetch/Fetch.js:540:21)
        at ClientRequest.emit (node:events:517:28)
        at Socket.socketErrorListener (node:_http_client:501:9)
        at Socket.emit (node:events:517:28)
        at emitErrorNT (node:internal/streams/destroy:151:8)
        at emitErrorCloseNT (node:internal/streams/destroy:116:3)
        at processTicksAndRejections (node:internal/process/task_queues:82:21),
    [Symbol(composed)]: false,
    [Symbol(bubbles)]: false,
    [Symbol(cancelable)]: false,
    [Symbol(defaultPrevented)]: false,
    [Symbol(eventPhase)]: 0,
    [Symbol(timeStamp)]: 2295.7583751678467,
    [Symbol(type)]: 'error',
    [Symbol(dispatching)]: false,
    [Symbol(immediatePropagationStopped)]: false,
    [Symbol(propagationStopped)]: false,
    [Symbol(target)]: XMLHttpRequest [EventTarget] {
      upload: [XMLHttpRequestUpload [EventTarget]],
      withCredentials: false,
      timeout: 0,
      [Symbol(listeners)]: [Object],
      [Symbol(listenerOptions)]: [Object],
      [Symbol(propertyEventListeners)]: [Map]
    },
    [Symbol(currentTarget)]: null,
    [Symbol(isInPassiveEventListener)]: false
  }
}

Error: connect ECONNREFUSED ::1:3001
    at TCPConnectWrap.afterConnect [as oncomplete] (node:net:1555:16) {
  errno: -61,
  code: 'ECONNREFUSED',
  syscall: 'connect',
  address: '::1',
  port: 3001
}
stderr | processTicksAndRejections (node:internal/process/task_queues:95:5)
AxiosError: Failed to execute "fetch()" on "Window" with URL "http://localhost:3001/api/wishlist/1/check": connect ECONNREFUSED ::1:3001
    at handleError (file:///Users/romanbulyhin/mnostva/mnostva-art/node_modules/axios/lib/adapters/xhr.js:112:20)
    at XMLHttpRequest.#callDispatchEventListeners (file:///Users/romanbulyhin/mnostva/mnostva-art/node_modules/happy-dom/lib/event/EventTarget.js:295:25)
    at XMLHttpRequest.dispatchEvent (file:///Users/romanbulyhin/mnostva/mnostva-art/node_modules/happy-dom/lib/event/EventTarget.js:104:41)
    at XMLHttpRequest.#goThroughDispatchEventPhases (file:///Users/romanbulyhin/mnostva/mnostva-art/node_modules/happy-dom/lib/event/EventTarget.js:164:38)
    at XMLHttpRequest.dispatchEvent (file:///Users/romanbulyhin/mnostva/mnostva-art/node_modules/happy-dom/lib/event/EventTarget.js:100:47)
    at XMLHttpRequest.#dispatchEvent (file:///Users/romanbulyhin/mnostva/mnostva-art/node_modules/happy-dom/lib/xml-http-request/XMLHttpRequest.js:460:14)
    at onError (file:///Users/romanbulyhin/mnostva/mnostva-art/node_modules/happy-dom/lib/xml-http-request/XMLHttpRequest.js:326:36)
    at XMLHttpRequest.#sendAsync (file:///Users/romanbulyhin/mnostva/mnostva-art/node_modules/happy-dom/lib/xml-http-request/XMLHttpRequest.js:342:13)
    at processTicksAndRejections (node:internal/process/task_queues:95:5)
    at Axios.request (file:///Users/romanbulyhin/mnostva/mnostva-art/node_modules/axios/lib/core/Axios.js:46:41)
    at processTicksAndRejections (node:internal/process/task_queues:95:5)
    at Object.checkStatus (/Users/romanbulyhin/mnostva/mnostva-art/services/wishlistService.ts:21:26) {
  isAxiosError: true,
  code: 'ERR_NETWORK',
  config: {
    transitional: {
      silentJSONParsing: true,
      forcedJSONParsing: true,
      clarifyTimeoutError: false,
      legacyInterceptorReqResOrdering: true
    },
    adapter: [ 'xhr', 'http', 'fetch' ],
    transformRequest: [ [Function: transformRequest] ],
    transformResponse: [ [Function: transformResponse] ],
    timeout: 0,
    xsrfCookieName: 'XSRF-TOKEN',
    xsrfHeaderName: 'X-XSRF-TOKEN',
    maxContentLength: -1,
    maxBodyLength: -1,
    env: { FormData: [Function], Blob: [class Blob] },
    validateStatus: [Function: validateStatus],
    headers: Object [AxiosHeaders] {
      Accept: 'application/json, text/plain, */*',
      'Content-Type': undefined,
      Authorization: 'Bearer '
    },
    method: 'get',
    url: 'http://localhost:3001/api/wishlist/1/check',
    allowAbsoluteUrls: true,
    data: undefined
  },
  request: XMLHttpRequest [EventTarget] {
    upload: XMLHttpRequestUpload [EventTarget] {
      [Symbol(listeners)]: [Object],
      [Symbol(listenerOptions)]: [Object],
      [Symbol(propertyEventListeners)]: Map(0) {}
    },
    withCredentials: false,
    timeout: 0,
    [Symbol(listeners)]: { capturing: Map(0) {}, bubbling: Map(0) {} },
    [Symbol(listenerOptions)]: { capturing: Map(0) {}, bubbling: Map(0) {} },
    [Symbol(propertyEventListeners)]: Map(4) {
      'onloadend' => [Function: onloadend],
      'onabort' => [Function: handleAbort],
      'onerror' => [Function: handleError],
      'ontimeout' => [Function: handleTimeout]
    }
  },
  event: ErrorEvent {
    NONE: 0,
    CAPTURING_PHASE: 1,
    AT_TARGET: 2,
    BUBBLING_PHASE: 3,
    detail: 0,
    layerX: 0,
    layerY: 0,
    pageX: 0,
    pageY: 0,
    view: null,
    message: 'Failed to execute "fetch()" on "Window" with URL "http://localhost:3001/api/wishlist/1/check": connect ECONNREFUSED ::1:3001',
    filename: '',
    lineno: 0,
    colno: 0,
    error: DOMException [NetworkError]: Failed to execute "fetch()" on "Window" with URL "http://localhost:3001/api/wishlist/1/check": connect ECONNREFUSED ::1:3001
        at Fetch.onError (file:///Users/romanbulyhin/mnostva/mnostva-art/node_modules/happy-dom/lib/fetch/Fetch.js:540:21)
        at ClientRequest.emit (node:events:517:28)
        at Socket.socketErrorListener (node:_http_client:501:9)
        at Socket.emit (node:events:517:28)
        at emitErrorNT (node:internal/streams/destroy:151:8)
        at emitErrorCloseNT (node:internal/streams/destroy:116:3)
        at processTicksAndRejections (node:internal/process/task_queues:82:21),
    [Symbol(composed)]: false,
    [Symbol(bubbles)]: false,
    [Symbol(cancelable)]: false,
    [Symbol(defaultPrevented)]: false,
    [Symbol(eventPhase)]: 0,
    [Symbol(timeStamp)]: 2296.3661251068115,
    [Symbol(type)]: 'error',
    [Symbol(dispatching)]: false,
    [Symbol(immediatePropagationStopped)]: false,
    [Symbol(propagationStopped)]: false,
    [Symbol(target)]: XMLHttpRequest [EventTarget] {
      upload: [XMLHttpRequestUpload [EventTarget]],
      withCredentials: false,
      timeout: 0,
      [Symbol(listeners)]: [Object],
      [Symbol(listenerOptions)]: [Object],
      [Symbol(propertyEventListeners)]: [Map]
    },
    [Symbol(currentTarget)]: null,
    [Symbol(isInPassiveEventListener)]: false
  }
}

Error: connect ECONNREFUSED ::1:3001
    at TCPConnectWrap.afterConnect [as oncomplete] (node:net:1555:16) {
  errno: -61,
  code: 'ECONNREFUSED',
  syscall: 'connect',
  address: '::1',
  port: 3001
}
stderr | processTicksAndRejections (node:internal/process/task_queues:95:5)
AxiosError: Failed to execute "fetch()" on "Window" with URL "http://localhost:3001/api/reviews/product/1": connect ECONNREFUSED ::1:3001
    at handleError (file:///Users/romanbulyhin/mnostva/mnostva-art/node_modules/axios/lib/adapters/xhr.js:112:20)
    at XMLHttpRequest.#callDispatchEventListeners (file:///Users/romanbulyhin/mnostva/mnostva-art/node_modules/happy-dom/lib/event/EventTarget.js:295:25)
    at XMLHttpRequest.dispatchEvent (file:///Users/romanbulyhin/mnostva/mnostva-art/node_modules/happy-dom/lib/event/EventTarget.js:104:41)
    at XMLHttpRequest.#goThroughDispatchEventPhases (file:///Users/romanbulyhin/mnostva/mnostva-art/node_modules/happy-dom/lib/event/EventTarget.js:164:38)
    at XMLHttpRequest.dispatchEvent (file:///Users/romanbulyhin/mnostva/mnostva-art/node_modules/happy-dom/lib/event/EventTarget.js:100:47)
    at XMLHttpRequest.#dispatchEvent (file:///Users/romanbulyhin/mnostva/mnostva-art/node_modules/happy-dom/lib/xml-http-request/XMLHttpRequest.js:460:14)
    at onError (file:///Users/romanbulyhin/mnostva/mnostva-art/node_modules/happy-dom/lib/xml-http-request/XMLHttpRequest.js:326:36)
    at XMLHttpRequest.#sendAsync (file:///Users/romanbulyhin/mnostva/mnostva-art/node_modules/happy-dom/lib/xml-http-request/XMLHttpRequest.js:342:13)
    at processTicksAndRejections (node:internal/process/task_queues:95:5)
    at Axios.request (file:///Users/romanbulyhin/mnostva/mnostva-art/node_modules/axios/lib/core/Axios.js:46:41)
    at processTicksAndRejections (node:internal/process/task_queues:95:5)
    at Object.getByProduct (/Users/romanbulyhin/mnostva/mnostva-art/services/reviewsService.ts:18:26) {
  isAxiosError: true,
  code: 'ERR_NETWORK',
  config: {
    transitional: {
      silentJSONParsing: true,
      forcedJSONParsing: true,
      clarifyTimeoutError: false,
      legacyInterceptorReqResOrdering: true
    },
    adapter: [ 'xhr', 'http', 'fetch' ],
    transformRequest: [ [Function: transformRequest] ],
    transformResponse: [ [Function: transformResponse] ],
    timeout: 0,
    xsrfCookieName: 'XSRF-TOKEN',
    xsrfHeaderName: 'X-XSRF-TOKEN',
    maxContentLength: -1,
    maxBodyLength: -1,
    env: { FormData: [Function], Blob: [class Blob] },
    validateStatus: [Function: validateStatus],
    headers: Object [AxiosHeaders] {
      Accept: 'application/json, text/plain, */*',
      'Content-Type': undefined
    },
    method: 'get',
    url: 'http://localhost:3001/api/reviews/product/1',
    allowAbsoluteUrls: true,
    data: undefined
  },
  request: XMLHttpRequest [EventTarget] {
    upload: XMLHttpRequestUpload [EventTarget] {
      [Symbol(listeners)]: [Object],
      [Symbol(listenerOptions)]: [Object],
      [Symbol(propertyEventListeners)]: Map(0) {}
    },
    withCredentials: false,
    timeout: 0,
    [Symbol(listeners)]: { capturing: Map(0) {}, bubbling: Map(0) {} },
    [Symbol(listenerOptions)]: { capturing: Map(0) {}, bubbling: Map(0) {} },
    [Symbol(propertyEventListeners)]: Map(4) {
      'onloadend' => [Function: onloadend],
      'onabort' => [Function: handleAbort],
      'onerror' => [Function: handleError],
      'ontimeout' => [Function: handleTimeout]
    }
  },
  event: ErrorEvent {
    NONE: 0,
    CAPTURING_PHASE: 1,
    AT_TARGET: 2,
    BUBBLING_PHASE: 3,
    detail: 0,
    layerX: 0,
    layerY: 0,
    pageX: 0,
    pageY: 0,
    view: null,
    message: 'Failed to execute "fetch()" on "Window" with URL "http://localhost:3001/api/reviews/product/1": connect ECONNREFUSED ::1:3001',
    filename: '',
    lineno: 0,
    colno: 0,
    error: DOMException [NetworkError]: Failed to execute "fetch()" on "Window" with URL "http://localhost:3001/api/reviews/product/1": connect ECONNREFUSED ::1:3001
        at Fetch.onError (file:///Users/romanbulyhin/mnostva/mnostva-art/node_modules/happy-dom/lib/fetch/Fetch.js:540:21)
        at ClientRequest.emit (node:events:517:28)
        at Socket.socketErrorListener (node:_http_client:501:9)
        at Socket.emit (node:events:517:28)
        at emitErrorNT (node:internal/streams/destroy:151:8)
        at emitErrorCloseNT (node:internal/streams/destroy:116:3)
        at processTicksAndRejections (node:internal/process/task_queues:82:21),
    [Symbol(composed)]: false,
    [Symbol(bubbles)]: false,
    [Symbol(cancelable)]: false,
    [Symbol(defaultPrevented)]: false,
    [Symbol(eventPhase)]: 0,
    [Symbol(timeStamp)]: 2297.2948751449585,
    [Symbol(type)]: 'error',
    [Symbol(dispatching)]: false,
    [Symbol(immediatePropagationStopped)]: false,
    [Symbol(propagationStopped)]: false,
    [Symbol(target)]: XMLHttpRequest [EventTarget] {
      upload: [XMLHttpRequestUpload [EventTarget]],
      withCredentials: false,
      timeout: 0,
      [Symbol(listeners)]: [Object],
      [Symbol(listenerOptions)]: [Object],
      [Symbol(propertyEventListeners)]: [Map]
    },
    [Symbol(currentTarget)]: null,
    [Symbol(isInPassiveEventListener)]: false
  }
}

 ✓ services/orderService.test.ts (2 tests) 3ms
 ✓ components/ProtectedRoute.test.tsx (3 tests) 19ms
 ✓ components/ProductModal.test.tsx (4 tests) 41ms
 ✓ pages/MarketplacePage.test.tsx (5 tests) 1551ms
     ✓ fetches and displays products  512ms
     ✓ updates results when searching  338ms
     ✓ shows "No assets found" when results are empty  307ms
     ✓ should not crash when a product has null galleryImages  311ms

⎯⎯⎯⎯⎯⎯⎯ Failed Tests 4 ⎯⎯⎯⎯⎯⎯⎯

 FAIL  components/Marketplace.test.tsx > Marketplace Component > renders title and products
 FAIL  components/Marketplace.test.tsx > Marketplace Component > calls onSelectProduct when a product is clicked
 FAIL  components/Marketplace.test.tsx > Marketplace Component > opens modal if onSelectProduct is not provided
Error: useCart must be used within a CartProvider
 ❯ useCart context/CartContext.tsx:85:23
     83| export const useCart = () => {
     84|   const context = useContext(CartContext);
     85|   if (!context) throw new Error("useCart must be used within a CartPro…
       |                       ^
     86|   return context;
     87| };
 ❯ ProductModal components/ProductModal.tsx:42:31
 ❯ renderWithHooks node_modules/react-dom/cjs/react-dom.development.js:15486:18
 ❯ mountIndeterminateComponent node_modules/react-dom/cjs/react-dom.development.js:20103:13
 ❯ beginWork node_modules/react-dom/cjs/react-dom.development.js:21626:16
 ❯ HTMLUnknownElement.callCallback node_modules/react-dom/cjs/react-dom.development.js:4164:14
 ❯ HTMLUnknownElement.#callDispatchEventListeners node_modules/happy-dom/src/event/EventTarget.ts:305:41
 ❯ HTMLUnknownElement.dispatchEvent node_modules/happy-dom/src/event/EventTarget.ts:142:35
 ❯ HTMLUnknownElement.#goThroughDispatchEventPhases node_modules/happy-dom/src/event/EventTarget.ts:214:32
 ❯ HTMLUnknownElement.dispatchEvent node_modules/happy-dom/src/event/EventTarget.ts:135:38

⎯⎯⎯⎯⎯⎯⎯⎯⎯⎯⎯⎯⎯⎯⎯⎯⎯⎯⎯⎯⎯⎯⎯⎯[1/4]⎯

 FAIL  components/ProductCard.test.tsx > ProductCard > calls onOpen when clicking on image or title
TestingLibraryElementError: Unable to find an accessible element with the role "heading" and name `/Test Asset/i`

Here are the accessible roles:

  article:

  Name "":
  [36m<article[39m
    [33mclass[39m=[32m"relative group p-[5px] rounded-[2.8rem] transition-all duration-500 hover:scale-[1.03] active:scale-[1.05] h-full"[39m
  [36m/>[39m

  --------------------------------------------------
  link:

  Name "Test Asset Prop $19.99":
  [36m<a[39m
    [33mclass[39m=[32m"relative aspect-video overflow-hidden block"[39m
    [33mdata-discover[39m=[32m"true"[39m
    [33mhref[39m=[32m"/product/1"[39m
  [36m/>[39m

  Name "Test Asset":
  [36m<a[39m
    [33mclass[39m=[32m"text-2xl font-black text-gray-800 mb-2 group-hover:text-[#8a7db3] transition-colors cursor-pointer active:scale-95 origin-left inline-block uppercase tracking-tight"[39m
    [33mdata-discover[39m=[32m"true"[39m
    [33mhref[39m=[32m"/product/1"[39m
  [36m/>[39m

  Name "Technical Info":
  [36m<a[39m
    [33mclass[39m=[32m"block w-full text-center bg-white/50 text-[#8a7db3] border border-purple-100 hover:bg-purple-50 py-2 rounded-xl text-[10px] font-black transition-all active:bg-purple-100 uppercase tracking-widest"[39m
    [33mdata-discover[39m=[32m"true"[39m
    [33mhref[39m=[32m"/product/1"[39m
  [36m/>[39m

  --------------------------------------------------
  img:

  Name "Test Asset":
  [36m<img[39m
    [33malt[39m=[32m"Test Asset"[39m
    [33mclass[39m=[32m"w-full h-full object-cover object-bottom transition-transform duration-700 group-hover:scale-110 group-active:scale-125"[39m
    [33mloading[39m=[32m"lazy"[39m
    [33msrc[39m=[32m"test.jpg"[39m
  [36m/>[39m

  --------------------------------------------------
  paragraph:

  Name "":
  [36m<p[39m
    [33mclass[39m=[32m"text-gray-500 text-sm mb-4 line-clamp-2 font-medium"[39m
  [36m/>[39m

  --------------------------------------------------
  button:

  Name "Add to Basket 🧺":
  [36m<button[39m
    [33mclass[39m=[32m"block w-full text-center py-4 rounded-2xl font-black shadow-lg transition-all uppercase tracking-widest text-sm border-b-4 transform-gpu bg-gradient-to-r from-[#8a7db3] to-pink-500 text-white border-pink-700/30 hover:shadow-pink-200 hover:brightness-110 active:translate-y-[2px] active:border-b-2 active:mb-[2px] active:scale-95 "[39m
  [36m/>[39m

  --------------------------------------------------

Ignored nodes: comments, script, style
[36m<body>[39m
  [36m<div>[39m
    [36m<article[39m
      [33mclass[39m=[32m"relative group p-[5px] rounded-[2.8rem] transition-all duration-500 hover:scale-[1.03] active:scale-[1.05] h-full"[39m
    [36m>[39m
      [36m<div[39m
        [33mclass[39m=[32m"absolute inset-0 bg-gradient-to-br from-[#8a7db3] via-pink-400 to-[#a2c367] animate-gradient-slow opacity-30 group-hover:opacity-100 rounded-[2.8rem] transition-all duration-700 blur-[3px] group-hover:blur-[1px] group-hover:animate-border-pulse"[39m
      [36m/>[39m
      [36m<div[39m
        [33mclass[39m=[32m"relative bg-white/90 backdrop-blur-xl rounded-[2.6rem] overflow-hidden flex flex-col h-full border border-white/40 shadow-xl group-hover:bg-white/95 transition-colors duration-500"[39m
      [36m>[39m
        [36m<a[39m
          [33mclass[39m=[32m"relative aspect-video overflow-hidden block"[39m
          [33mdata-discover[39m=[32m"true"[39m
          [33mhref[39m=[32m"/product/1"[39m
        [36m>[39m
          [36m<img[39m
            [33malt[39m=[32m"Test Asset"[39m
            [33mclass[39m=[32m"w-full h-full object-cover object-bottom transition-transform duration-700 group-hover:scale-110 group-active:scale-125"[39m
            [33mloading[39m=[32m"lazy"[39m
            [33msrc[39m=[32m"test.jpg"[39m
          [36m/>[39m
          [36m<div[39m
            [33mclass[39m=[32m"absolute inset-0 bg-black/0 group-hover:bg-black/20 transition-all duration-500 flex items-center justify-center"[39m
          [36m>[39m
            [36m<div[39m
              [33mclass[39m=[32m"bg-white/90 text-[#8a7db3] p-4 rounded-full opacity-0 group-hover:opacity-100 transform translate-y-4 group-hover:translate-y-0 transition-all shadow-2xl scale-75 group-hover:scale-100"[39m
            [36m>[39m
              [36m<svg[39m
                [33mclass[39m=[32m"w-6 h-6"[39m
                [33mfill[39m=[32m"none"[39m
                [33mstroke[39m=[32m"currentColor"[39m
                [33mviewBox[39m=[32m"0 0 24 24"[39m
              [36m>[39m
                [36m<path[39m
                  [33md[39m=[32m"M21 21l-6-6m2-5a7 7 0 11-14 0 7 7 0 0114 0zM10 7v6m3-3H7"[39m
                  [33mstroke-linecap[39m=[32m"round"[39m
                  [33mstroke-linejoin[39m=[32m"round"[39m
                  [33mstroke-width[39m=[32m"3"[39m
                [36m/>[39m
              [36m</svg>[39m
            [36m</div>[39m
          [36m</div>[39m
          [36m<div[39m
            [33mclass[39m=[32m"absolute top-4 left-4 bg-[#8a7db3] text-white px-4 py-1 rounded-full text-[10px] font-black shadow-lg uppercase tracking-widest"[39m
          [36m>[39m
            [0mProp[0m
          [36m</div>[39m
          [36m<div[39m
            [33mclass[39m=[32m"absolute bottom-4 right-4 flex flex-col items-end gap-1 transform group-hover:translate-y-[-4px] transition-transform duration-300"[39m
          [36m>[39m
            [36m<div[39m
              [33mclass[39m=[32m"bg-pink-500 text-white px-4 py-2 rounded-2xl font-bold shadow-lg"[39m
            [36m>[39m
              [0m$19.99[0m
            [36m</div>[39m
          [36m</div>[39m
        [36m</a>[39m
        [36m<div[39m
          [33mclass[39m=[32m"p-6 flex flex-col flex-grow"[39m
        [36m>[39m
          [36m<a[39m
            [33mclass[39m=[32m"text-2xl font-black text-gray-800 mb-2 group-hover:text-[#8a7db3] transition-colors cursor-pointer active:scale-95 origin-left inline-block uppercase tracking-tight"[39m
            [33mdata-discover[39m=[32m"true"[39m
            [33mhref[39m=[32m"/product/1"[39m
          [36m>[39m
            [0mTest Asset[0m
          [36m</a>[39m
          [36m<p[39m
            [33mclass[39m=[32m"text-gray-500 text-sm mb-4 line-clamp-2 font-medium"[39m
          [36m>[39m
            [0mA test asset description[0m
          [36m</p>[39m
          [36m<div[39m
            [33mclass[39m=[32m"flex flex-wrap gap-2 mb-6"[39m
          [36m>[39m
            [36m<span[39m
              [33mclass[39m=[32m"bg-purple-50 text-[#8a7db3] px-3 py-1 rounded-full text-[10px] font-black border border-purple-100/50 uppercase tracking-tighter"[39m
            [36m>[39m
              [0m#[0m
              [0mtag1[0m
            [36m</span>[39m
            [36m<span[39m
              [33mclass[39m=[32m"bg-purple-50 text-[#8a7db3] px-3 py-1 rounded-full text-[10px] font-black border border-purple-100/50 uppercase tracking-tighter"[39m
            [36m>[39m
              [0m#[0m
              [0mtag2[0m
            [36m</span>[39m
          [36m</div>[39m
          [36m<div[39m
            [33mclass[39m=[32m"mt-auto space-y-3 relative"[39m
          [36m>[39m
            [36m<button[39m
              [33mclass[39m=[32m"block w-full text-center py-4 rounded-2xl font-black shadow-lg transition-all uppercase tracking-widest text-sm border-b-4 transform-gpu bg-gradient-to-r from-[#8a7db3] to-pink-500 text-white border-pink-700/30 hover:shadow-pink-200 hover:brightness-110 active:translate-y-[2px] active:border-b-2 active:mb-[2px] active:scale-95 "[39m
            [36m>[39m
              [0mAdd to Basket 🧺[0m
            [36m</button>[39m
            [36m<a[39m
              [33mclass[39m=[32m"block w-full text-center bg-white/50 text-[#8a7db3] border border-purple-100 hover:bg-purple-50 py-2 rounded-xl text-[10px] font-black transition-all active:bg-purple-100 uppercase tracking-widest"[39m
              [33mdata-discover[39m=[32m"true"[39m
              [33mhref[39m=[32m"/product/1"[39m
            [36m>[39m
              [0mTechnical Info[0m
            [36m</a>[39m
          [36m</div>[39m
        [36m</div>[39m
      [36m</div>[39m
    [36m</article>[39m
  [36m</div>[39m
[36m</body>[39m
 ❯ Object.getElementError node_modules/@testing-library/dom/dist/config.js:37:19
 ❯ node_modules/@testing-library/dom/dist/query-helpers.js:76:38
 ❯ node_modules/@testing-library/dom/dist/query-helpers.js:52:17
 ❯ node_modules/@testing-library/dom/dist/query-helpers.js:95:19
 ❯ components/ProductCard.test.tsx:53:32
     51|         );
     52|
     53|         fireEvent.click(screen.getByRole('heading', { name: /Test Asse…
       |                                ^
     54|         expect(mockOnOpen).toHaveBeenCalledWith(mockProduct);
     55|     });

⎯⎯⎯⎯⎯⎯⎯⎯⎯⎯⎯⎯⎯⎯⎯⎯⎯⎯⎯⎯⎯⎯⎯⎯[2/4]⎯


 Test Files  2 failed | 10 passed (12)
      Tests  4 failed | 46 passed (50)
   Start at  10:45:38
   Duration  3.03s (transform 2.98s, setup 1.83s, import 4.68s, tests 4.30s, environment 6.56s)

